RECT t=0 name=YAAGL fixed window=80,80,486,332 client=480,300 style=14ca0000 ex=00000100
RECT t=0 name=YAAGL resizable window=105,102,488,334 client=480,300 style=14cf0000 ex=00000100
RECT t=0 name=YAAGL fixed-max window=130,124,486,332 client=480,300 style=14cb0000 ex=00000100
RECT t=0 name=YAAGL owned window=155,146,486,332 client=480,300 style=14ca0000 ex=00000100
RECT t=0 name=YAAGL tool window=180,168,486,324 client=480,300 style=14ca0000 ex=00000180
RECT t=0 name=YAAGL popup window=205,190,486,332 client=480,300 style=94ca0000 ex=00000100
RECT t=0 name=YAAGL dialog window=230,212,486,332 client=480,300 style=94c80000 ex=00000101
RECT t=0 name=YAAGL ownerless-dialog window=255,234,486,332 client=480,300 style=14ca0000 ex=00000100
RECT t=0 name=YAAGL noactivate window=280,256,486,332 client=480,300 style=14ca0000 ex=08000100
RECT t=0 name=YAAGL child window=388,387,482,302 client=480,300 style=50800000 ex=00000000
RECT t=0 name=YAAGL disabled window=330,300,486,332 client=480,300 style=1cca0000 ex=00000100
RECT t=0 name=YAAGL constrained window=355,322,488,334 client=480,300 style=14cf0000 ex=00000100
RECT t=1 name=YAAGL fixed window=80,80,486,332 client=480,300 style=14ca0000 ex=00000100
RECT t=1 name=YAAGL resizable window=105,102,488,334 client=480,300 style=14cf0000 ex=00000100
RECT t=1 name=YAAGL fixed-max window=130,124,486,332 client=480,300 style=14cb0000 ex=00000100
RECT t=1 name=YAAGL owned window=155,146,486,332 client=480,300 style=14ca0000 ex=00000100
RECT t=1 name=YAAGL tool window=180,168,486,324 client=480,300 style=14ca0000 ex=00000180
RECT t=1 name=YAAGL popup window=205,190,486,332 client=480,300 style=94ca0000 ex=00000100
RECT t=1 name=YAAGL dialog window=230,212,486,332 client=480,300 style=94c80000 ex=00000101
RECT t=1 name=YAAGL ownerless-dialog window=255,234,486,332 client=480,300 style=14ca0000 ex=00000100
RECT t=1 name=YAAGL noactivate window=280,256,486,332 client=480,300 style=14ca0000 ex=08000100
RECT t=1 name=YAAGL child window=388,387,482,302 client=480,300 style=50800000 ex=00000000
RECT t=1 name=YAAGL disabled window=330,300,486,332 client=480,300 style=1cca0000 ex=00000100
RECT t=1 name=YAAGL constrained window=355,322,488,334 client=480,300 style=14cf0000 ex=00000100
RECT t=2 name=YAAGL fixed window=80,80,486,332 client=480,300 style=14ca0000 ex=00000100
RECT t=2 name=YAAGL resizable window=105,102,488,334 client=480,300 style=14cf0000 ex=00000100
RECT t=2 name=YAAGL fixed-max window=130,124,486,332 client=480,300 style=14cb0000 ex=00000100
RECT t=2 name=YAAGL owned window=155,146,486,332 client=480,300 style=14ca0000 ex=00000100
RECT t=2 name=YAAGL tool window=180,168,486,324 client=480,300 style=14ca0000 ex=00000180
RECT t=2 name=YAAGL popup window=205,190,486,332 client=480,300 style=94ca0000 ex=00000100
RECT t=2 name=YAAGL dialog window=230,212,486,332 client=480,300 style=94c80000 ex=00000101
RECT t=2 name=YAAGL ownerless-dialog window=255,234,486,332 client=480,300 style=14ca0000 ex=00000100
RECT t=2 name=YAAGL noactivate window=280,256,486,332 client=480,300 style=14ca0000 ex=08000100
RECT t=2 name=YAAGL child window=388,387,482,302 client=480,300 style=50800000 ex=00000000
RECT t=2 name=YAAGL disabled window=330,300,486,332 client=480,300 style=1cca0000 ex=00000100
RECT t=2 name=YAAGL constrained window=355,322,488,334 client=480,300 style=14cf0000 ex=00000100
RECT t=3 name=YAAGL fixed window=80,80,486,332 client=480,300 style=14ca0000 ex=00000100
RECT t=3 name=YAAGL resizable window=105,102,488,334 client=480,300 style=14cf0000 ex=00000100
RECT t=3 name=YAAGL fixed-max window=130,124,486,332 client=480,300 style=14cb0000 ex=00000100
RECT t=3 name=YAAGL owned window=155,146,486,332 client=480,300 style=14ca0000 ex=00000100
RECT t=3 name=YAAGL tool window=180,168,486,324 client=480,300 style=14ca0000 ex=00000180
RECT t=3 name=YAAGL popup window=205,190,486,332 client=480,300 style=94ca0000 ex=00000100
RECT t=3 name=YAAGL dialog window=230,212,486,332 client=480,300 style=94c80000 ex=00000101
RECT t=3 name=YAAGL ownerless-dialog window=255,234,486,332 client=480,300 style=14ca0000 ex=00000100
RECT t=3 name=YAAGL noactivate window=280,256,486,332 client=480,300 style=14ca0000 ex=08000100
RECT t=3 name=YAAGL child window=388,387,482,302 client=480,300 style=50800000 ex=00000000
RECT t=3 name=YAAGL disabled window=330,300,486,332 client=480,300 style=1cca0000 ex=00000100
RECT t=3 name=YAAGL constrained window=355,322,488,334 client=480,300 style=14cf0000 ex=00000100
RECT t=4 name=YAAGL fixed window=80,80,486,332 client=480,300 style=14ca0000 ex=00000100
RECT t=4 name=YAAGL resizable window=105,102,488,334 client=480,300 style=14cf0000 ex=00000100
RECT t=4 name=YAAGL fixed-max window=130,124,486,332 client=480,300 style=14cb0000 ex=00000100
RECT t=4 name=YAAGL owned window=155,146,486,332 client=480,300 style=14ca0000 ex=00000100
RECT t=4 name=YAAGL tool window=180,168,486,324 client=480,300 style=14ca0000 ex=00000180
RECT t=4 name=YAAGL popup window=205,190,486,332 client=480,300 style=94ca0000 ex=00000100
RECT t=4 name=YAAGL dialog window=230,212,486,332 client=480,300 style=94c80000 ex=00000101
RECT t=4 name=YAAGL ownerless-dialog window=255,234,486,332 client=480,300 style=14ca0000 ex=00000100
RECT t=4 name=YAAGL noactivate window=280,256,486,332 client=480,300 style=14ca0000 ex=08000100
RECT t=4 name=YAAGL child window=388,387,482,302 client=480,300 style=50800000 ex=00000000
RECT t=4 name=YAAGL disabled window=330,300,486,332 client=480,300 style=1cca0000 ex=00000100
RECT t=4 name=YAAGL constrained window=355,322,488,334 client=480,300 style=14cf0000 ex=00000100
RECT t=5 name=YAAGL fixed window=80,80,486,332 client=480,300 style=14ca0000 ex=00000100
RECT t=5 name=YAAGL resizable window=105,102,488,334 client=480,300 style=14cf0000 ex=00000100
RECT t=5 name=YAAGL fixed-max window=130,124,486,332 client=480,300 style=14cb0000 ex=00000100
RECT t=5 name=YAAGL owned window=155,146,486,332 client=480,300 style=14ca0000 ex=00000100
RECT t=5 name=YAAGL tool window=180,168,486,324 client=480,300 style=14ca0000 ex=00000180
RECT t=5 name=YAAGL popup window=205,190,486,332 client=480,300 style=94ca0000 ex=00000100
RECT t=5 name=YAAGL dialog window=230,212,486,332 client=480,300 style=94c80000 ex=00000101
RECT t=5 name=YAAGL ownerless-dialog window=255,234,486,332 client=480,300 style=14ca0000 ex=00000100
RECT t=5 name=YAAGL noactivate window=280,256,486,332 client=480,300 style=14ca0000 ex=08000100
RECT t=5 name=YAAGL child window=388,387,482,302 client=480,300 style=50800000 ex=00000000
RECT t=5 name=YAAGL disabled window=330,300,486,332 client=480,300 style=1cca0000 ex=00000100
RECT t=5 name=YAAGL constrained window=355,322,488,334 client=480,300 style=14cf0000 ex=00000100
RECT t=6 name=YAAGL fixed window=80,80,486,332 client=480,300 style=14ca0000 ex=00000100
RECT t=6 name=YAAGL resizable window=105,102,488,334 client=480,300 style=14cf0000 ex=00000100
RECT t=6 name=YAAGL fixed-max window=130,124,486,332 client=480,300 style=14cb0000 ex=00000100
RECT t=6 name=YAAGL owned window=155,146,486,332 client=480,300 style=14ca0000 ex=00000100
RECT t=6 name=YAAGL tool window=180,168,486,324 client=480,300 style=14ca0000 ex=00000180
RECT t=6 name=YAAGL popup window=205,190,486,332 client=480,300 style=94ca0000 ex=00000100
RECT t=6 name=YAAGL dialog window=230,212,486,332 client=480,300 style=94c80000 ex=00000101
RECT t=6 name=YAAGL ownerless-dialog window=255,234,486,332 client=480,300 style=14ca0000 ex=00000100
RECT t=6 name=YAAGL noactivate window=280,256,486,332 client=480,300 style=14ca0000 ex=08000100
RECT t=6 name=YAAGL child window=388,387,482,302 client=480,300 style=50800000 ex=00000000
RECT t=6 name=YAAGL disabled window=330,300,486,332 client=480,300 style=1cca0000 ex=00000100
RECT t=6 name=YAAGL constrained window=355,322,488,334 client=480,300 style=14cf0000 ex=00000100
RECT t=7 name=YAAGL fixed window=80,80,486,332 client=480,300 style=14ca0000 ex=00000100
RECT t=7 name=YAAGL resizable window=105,102,488,334 client=480,300 style=14cf0000 ex=00000100
RECT t=7 name=YAAGL fixed-max window=130,124,486,332 client=480,300 style=14cb0000 ex=00000100
RECT t=7 name=YAAGL owned window=155,146,486,332 client=480,300 style=14ca0000 ex=00000100
RECT t=7 name=YAAGL tool window=180,168,486,324 client=480,300 style=14ca0000 ex=00000180
RECT t=7 name=YAAGL popup window=205,190,486,332 client=480,300 style=94ca0000 ex=00000100
RECT t=7 name=YAAGL dialog window=230,212,486,332 client=480,300 style=94c80000 ex=00000101
RECT t=7 name=YAAGL ownerless-dialog window=255,234,486,332 client=480,300 style=14ca0000 ex=00000100
RECT t=7 name=YAAGL noactivate window=280,256,486,332 client=480,300 style=14ca0000 ex=08000100
RECT t=7 name=YAAGL child window=388,387,482,302 client=480,300 style=50800000 ex=00000000
RECT t=7 name=YAAGL disabled window=330,300,486,332 client=480,300 style=1cca0000 ex=00000100
RECT t=7 name=YAAGL constrained window=355,322,488,334 client=480,300 style=14cf0000 ex=00000100
RECT t=8 name=YAAGL fixed window=80,80,486,332 client=480,300 style=14ca0000 ex=00000100
RECT t=8 name=YAAGL resizable window=105,102,488,334 client=480,300 style=14cf0000 ex=00000100
RECT t=8 name=YAAGL fixed-max window=130,124,486,332 client=480,300 style=14cb0000 ex=00000100
RECT t=8 name=YAAGL owned window=155,146,486,332 client=480,300 style=14ca0000 ex=00000100
RECT t=8 name=YAAGL tool window=180,168,486,324 client=480,300 style=14ca0000 ex=00000180
RECT t=8 name=YAAGL popup window=205,190,486,332 client=480,300 style=94ca0000 ex=00000100
RECT t=8 name=YAAGL dialog window=230,212,486,332 client=480,300 style=94c80000 ex=00000101
RECT t=8 name=YAAGL ownerless-dialog window=255,234,486,332 client=480,300 style=14ca0000 ex=00000100
RECT t=8 name=YAAGL noactivate window=280,256,486,332 client=480,300 style=14ca0000 ex=08000100
RECT t=8 name=YAAGL child window=388,387,482,302 client=480,300 style=50800000 ex=00000000
RECT t=8 name=YAAGL disabled window=330,300,486,332 client=480,300 style=1cca0000 ex=00000100
RECT t=8 name=YAAGL constrained window=355,322,488,334 client=480,300 style=14cf0000 ex=00000100
RECT t=9 name=YAAGL fixed window=80,80,486,332 client=480,300 style=14ca0000 ex=00000100
RECT t=9 name=YAAGL resizable window=105,102,488,334 client=480,300 style=14cf0000 ex=00000100
RECT t=9 name=YAAGL fixed-max window=130,124,486,332 client=480,300 style=14cb0000 ex=00000100
RECT t=9 name=YAAGL owned window=155,146,486,332 client=480,300 style=14ca0000 ex=00000100
RECT t=9 name=YAAGL tool window=180,168,486,324 client=480,300 style=14ca0000 ex=00000180
RECT t=9 name=YAAGL popup window=205,190,486,332 client=480,300 style=94ca0000 ex=00000100
RECT t=9 name=YAAGL dialog window=230,212,486,332 client=480,300 style=94c80000 ex=00000101
RECT t=9 name=YAAGL ownerless-dialog window=255,234,486,332 client=480,300 style=14ca0000 ex=00000100
RECT t=9 name=YAAGL noactivate window=280,256,486,332 client=480,300 style=14ca0000 ex=08000100
RECT t=9 name=YAAGL child window=388,387,482,302 client=480,300 style=50800000 ex=00000000
RECT t=9 name=YAAGL disabled window=330,300,486,332 client=480,300 style=1cca0000 ex=00000100
RECT t=9 name=YAAGL constrained window=355,322,488,334 client=480,300 style=14cf0000 ex=00000100
RECT t=10 name=YAAGL fixed window=80,80,486,332 client=480,300 style=14ca0000 ex=00000100
RECT t=10 name=YAAGL resizable window=105,102,488,334 client=480,300 style=14cf0000 ex=00000100
RECT t=10 name=YAAGL fixed-max window=130,124,486,332 client=480,300 style=14cb0000 ex=00000100
RECT t=10 name=YAAGL owned window=155,146,486,332 client=480,300 style=14ca0000 ex=00000100
RECT t=10 name=YAAGL tool window=180,168,486,324 client=480,300 style=14ca0000 ex=00000180
RECT t=10 name=YAAGL popup window=205,190,486,332 client=480,300 style=94ca0000 ex=00000100
RECT t=10 name=YAAGL dialog window=230,212,486,332 client=480,300 style=94c80000 ex=00000101
RECT t=10 name=YAAGL ownerless-dialog window=255,234,486,332 client=480,300 style=14ca0000 ex=00000100
RECT t=10 name=YAAGL noactivate window=280,256,486,332 client=480,300 style=14ca0000 ex=08000100
RECT t=10 name=YAAGL child window=388,387,482,302 client=480,300 style=50800000 ex=00000000
RECT t=10 name=YAAGL disabled window=330,300,486,332 client=480,300 style=1cca0000 ex=00000100
RECT t=10 name=YAAGL constrained window=355,322,488,334 client=480,300 style=14cf0000 ex=00000100
RECT t=11 name=YAAGL fixed window=80,80,486,332 client=480,300 style=14ca0000 ex=00000100
RECT t=11 name=YAAGL resizable window=105,102,488,334 client=480,300 style=14cf0000 ex=00000100
RECT t=11 name=YAAGL fixed-max window=130,124,486,332 client=480,300 style=14cb0000 ex=00000100
RECT t=11 name=YAAGL owned window=155,146,486,332 client=480,300 style=14ca0000 ex=00000100
RECT t=11 name=YAAGL tool window=180,168,486,324 client=480,300 style=14ca0000 ex=00000180
RECT t=11 name=YAAGL popup window=205,190,486,332 client=480,300 style=94ca0000 ex=00000100
RECT t=11 name=YAAGL dialog window=230,212,486,332 client=480,300 style=94c80000 ex=00000101
RECT t=11 name=YAAGL ownerless-dialog window=255,234,486,332 client=480,300 style=14ca0000 ex=00000100
RECT t=11 name=YAAGL noactivate window=280,256,486,332 client=480,300 style=14ca0000 ex=08000100
RECT t=11 name=YAAGL child window=388,387,482,302 client=480,300 style=50800000 ex=00000000
RECT t=11 name=YAAGL disabled window=330,300,486,332 client=480,300 style=1cca0000 ex=00000100
RECT t=11 name=YAAGL constrained window=355,322,488,334 client=480,300 style=14cf0000 ex=00000100
DESTROYED YAAGL owned
DESTROYED YAAGL fixed
DESTROYED YAAGL child
DESTROYED YAAGL resizable
DESTROYED YAAGL fixed-max
DESTROYED YAAGL tool
DESTROYED YAAGL popup
DESTROYED YAAGL noactivate
DESTROYED YAAGL disabled
DESTROYED YAAGL constrained
