yaagl-fullscreen: eligible hwnd=0x30038 native=0 pending=0/0 content={160, 20} screen={{0, 0}, {1512, 982}} backingScale=2.0
yaagl-fullscreen: eligible hwnd=0x10052 native=0 pending=0/0 content={480, 300} screen={{0, 0}, {1512, 982}} backingScale=2.0
yaagl-fullscreen: eligible hwnd=0x10090 native=0 pending=0/0 content={480, 300} screen={{0, 0}, {1512, 982}} backingScale=2.0
RECT t=0 name=YAAGL fixed window=80,80,486,332 client=480,300 style=14ca0000 ex=00000100
RECT t=0 name=YAAGL resizable window=105,102,488,334 client=480,300 style=14cf0000 ex=00000100
RECT t=0 name=YAAGL fixed-max window=130,124,486,332 client=480,300 style=14cb0000 ex=00000100
RECT t=0 name=YAAGL owned window=155,146,486,332 client=480,300 style=14ca0000 ex=00000100
RECT t=0 name=YAAGL tool window=180,168,486,324 client=480,300 style=14ca0000 ex=00000180
RECT t=0 name=YAAGL popup window=205,190,486,332 client=480,300 style=94ca0000 ex=00000100
RECT t=0 name=YAAGL dialog window=230,212,486,332 client=480,300 style=94c80000 ex=00000101
RECT t=0 name=YAAGL ownerless-dialog window=255,234,486,332 client=480,300 style=14ca0000 ex=00000100
RECT t=0 name=YAAGL noactivate window=280,256,486,332 client=480,300 style=14ca0000 ex=08000100
RECT t=0 name=YAAGL child window=388,387,482,302 client=480,300 style=50800000 ex=00000000
RECT t=0 name=YAAGL disabled window=330,300,486,332 client=480,300 style=1cca0000 ex=00000100
RECT t=0 name=YAAGL constrained window=355,322,488,334 client=480,300 style=14cf0000 ex=00000100
RECT t=1 name=YAAGL fixed window=80,80,486,332 client=480,300 style=14ca0000 ex=00000100
RECT t=1 name=YAAGL resizable window=105,102,488,334 client=480,300 style=14cf0000 ex=00000100
RECT t=1 name=YAAGL fixed-max window=130,124,486,332 client=480,300 style=14cb0000 ex=00000100
RECT t=1 name=YAAGL owned window=155,146,486,332 client=480,300 style=14ca0000 ex=00000100
RECT t=1 name=YAAGL tool window=180,168,486,324 client=480,300 style=14ca0000 ex=00000180
RECT t=1 name=YAAGL popup window=205,190,486,332 client=480,300 style=94ca0000 ex=00000100
RECT t=1 name=YAAGL dialog window=230,212,486,332 client=480,300 style=94c80000 ex=00000101
RECT t=1 name=YAAGL ownerless-dialog window=255,234,486,332 client=480,300 style=14ca0000 ex=00000100
RECT t=1 name=YAAGL noactivate window=280,256,486,332 client=480,300 style=14ca0000 ex=08000100
RECT t=1 name=YAAGL child window=388,387,482,302 client=480,300 style=50800000 ex=00000000
RECT t=1 name=YAAGL disabled window=330,300,486,332 client=480,300 style=1cca0000 ex=00000100
RECT t=1 name=YAAGL constrained window=355,322,488,334 client=480,300 style=14cf0000 ex=00000100
RECT t=2 name=YAAGL fixed window=80,80,486,332 client=480,300 style=14ca0000 ex=00000100
RECT t=2 name=YAAGL resizable window=105,102,488,334 client=480,300 style=14cf0000 ex=00000100
RECT t=2 name=YAAGL fixed-max window=130,124,486,332 client=480,300 style=14cb0000 ex=00000100
RECT t=2 name=YAAGL owned window=155,146,486,332 client=480,300 style=14ca0000 ex=00000100
RECT t=2 name=YAAGL tool window=180,168,486,324 client=480,300 style=14ca0000 ex=00000180
RECT t=2 name=YAAGL popup window=205,190,486,332 client=480,300 style=94ca0000 ex=00000100
RECT t=2 name=YAAGL dialog window=230,212,486,332 client=480,300 style=94c80000 ex=00000101
RECT t=2 name=YAAGL ownerless-dialog window=255,234,486,332 client=480,300 style=14ca0000 ex=00000100
RECT t=2 name=YAAGL noactivate window=280,256,486,332 client=480,300 style=14ca0000 ex=08000100
RECT t=2 name=YAAGL child window=388,387,482,302 client=480,300 style=50800000 ex=00000000
RECT t=2 name=YAAGL disabled window=330,300,486,332 client=480,300 style=1cca0000 ex=00000100
RECT t=2 name=YAAGL constrained window=355,322,488,334 client=480,300 style=14cf0000 ex=00000100
yaagl-fullscreen: entering hwnd=0x10052 native=0 pending=1/0 content={480, 300} screen={{0, 0}, {1512, 982}} backingScale=2.0
RECT t=3 name=YAAGL fixed window=80,80,486,332 client=480,300 style=14ca0000 ex=00000100
RECT t=3 name=YAAGL resizable window=105,102,488,334 client=480,300 style=14cf0000 ex=00000100
RECT t=3 name=YAAGL fixed-max window=130,124,486,332 client=480,300 style=14cb0000 ex=00000100
RECT t=3 name=YAAGL owned window=155,146,486,332 client=480,300 style=14ca0000 ex=00000100
RECT t=3 name=YAAGL tool window=180,168,486,324 client=480,300 style=14ca0000 ex=00000180
RECT t=3 name=YAAGL popup window=205,190,486,332 client=480,300 style=94ca0000 ex=00000100
RECT t=3 name=YAAGL dialog window=230,212,486,332 client=480,300 style=94c80000 ex=00000101
RECT t=3 name=YAAGL ownerless-dialog window=255,234,486,332 client=480,300 style=14ca0000 ex=00000100
RECT t=3 name=YAAGL noactivate window=280,256,486,332 client=480,300 style=14ca0000 ex=08000100
RECT t=3 name=YAAGL child window=388,387,482,302 client=480,300 style=50800000 ex=00000000
RECT t=3 name=YAAGL disabled window=330,300,486,332 client=480,300 style=1cca0000 ex=00000100
RECT t=3 name=YAAGL constrained window=355,322,488,334 client=480,300 style=14cf0000 ex=00000100
yaagl-fullscreen: entered hwnd=0x10052 native=1 pending=0/0 content={480, 300} screen={{0, 0}, {1512, 982}} backingScale=2.0
RECT t=4 name=YAAGL fixed window=513,329,486,332 client=480,300 style=14ca0000 ex=00000100
RECT t=4 name=YAAGL resizable window=105,102,488,334 client=480,300 style=14cf0000 ex=00000100
RECT t=4 name=YAAGL fixed-max window=130,124,486,332 client=480,300 style=14cb0000 ex=00000100
RECT t=4 name=YAAGL owned window=155,146,486,332 client=480,300 style=14ca0000 ex=00000100
RECT t=4 name=YAAGL tool window=180,168,486,324 client=480,300 style=14ca0000 ex=00000180
RECT t=4 name=YAAGL popup window=205,190,486,332 client=480,300 style=94ca0000 ex=00000100
RECT t=4 name=YAAGL dialog window=230,212,486,332 client=480,300 style=94c80000 ex=00000101
RECT t=4 name=YAAGL ownerless-dialog window=255,234,486,332 client=480,300 style=14ca0000 ex=00000100
RECT t=4 name=YAAGL noactivate window=280,256,486,332 client=480,300 style=14ca0000 ex=08000100
RECT t=4 name=YAAGL child window=821,636,482,302 client=480,300 style=50800000 ex=00000000
RECT t=4 name=YAAGL disabled window=330,300,486,332 client=480,300 style=1cca0000 ex=00000100
RECT t=4 name=YAAGL constrained window=355,322,488,334 client=480,300 style=14cf0000 ex=00000100
RECT t=5 name=YAAGL fixed window=513,329,486,332 client=480,300 style=14ca0000 ex=00000100
RECT t=5 name=YAAGL resizable window=105,102,488,334 client=480,300 style=14cf0000 ex=00000100
RECT t=5 name=YAAGL fixed-max window=130,124,486,332 client=480,300 style=14cb0000 ex=00000100
RECT t=5 name=YAAGL owned window=155,146,486,332 client=480,300 style=14ca0000 ex=00000100
RECT t=5 name=YAAGL tool window=180,168,486,324 client=480,300 style=14ca0000 ex=00000180
RECT t=5 name=YAAGL popup window=205,190,486,332 client=480,300 style=94ca0000 ex=00000100
RECT t=5 name=YAAGL dialog window=230,212,486,332 client=480,300 style=94c80000 ex=00000101
RECT t=5 name=YAAGL ownerless-dialog window=255,234,486,332 client=480,300 style=14ca0000 ex=00000100
RECT t=5 name=YAAGL noactivate window=280,256,486,332 client=480,300 style=14ca0000 ex=08000100
RECT t=5 name=YAAGL child window=821,636,482,302 client=480,300 style=50800000 ex=00000000
RECT t=5 name=YAAGL disabled window=330,300,486,332 client=480,300 style=1cca0000 ex=00000100
RECT t=5 name=YAAGL constrained window=355,322,488,334 client=480,300 style=14cf0000 ex=00000100
RECT t=6 name=YAAGL fixed window=513,329,486,332 client=480,300 style=14ca0000 ex=00000100
RECT t=6 name=YAAGL resizable window=105,102,488,334 client=480,300 style=14cf0000 ex=00000100
RECT t=6 name=YAAGL fixed-max window=130,124,486,332 client=480,300 style=14cb0000 ex=00000100
RECT t=6 name=YAAGL owned window=155,146,486,332 client=480,300 style=14ca0000 ex=00000100
RECT t=6 name=YAAGL tool window=180,168,486,324 client=480,300 style=14ca0000 ex=00000180
RECT t=6 name=YAAGL popup window=205,190,486,332 client=480,300 style=94ca0000 ex=00000100
RECT t=6 name=YAAGL dialog window=230,212,486,332 client=480,300 style=94c80000 ex=00000101
RECT t=6 name=YAAGL ownerless-dialog window=255,234,486,332 client=480,300 style=14ca0000 ex=00000100
RECT t=6 name=YAAGL noactivate window=280,256,486,332 client=480,300 style=14ca0000 ex=08000100
RECT t=6 name=YAAGL child window=821,636,482,302 client=480,300 style=50800000 ex=00000000
RECT t=6 name=YAAGL disabled window=330,300,486,332 client=480,300 style=1cca0000 ex=00000100
RECT t=6 name=YAAGL constrained window=355,322,488,334 client=480,300 style=14cf0000 ex=00000100
RECT t=7 name=YAAGL fixed window=80,80,486,332 client=480,300 style=14ca0000 ex=00000100
RECT t=7 name=YAAGL resizable window=105,102,488,334 client=480,300 style=14cf0000 ex=00000100
RECT t=7 name=YAAGL fixed-max window=130,124,486,332 client=480,300 style=14cb0000 ex=00000100
RECT t=7 name=YAAGL owned window=-278,36,486,332 client=480,300 style=14ca0000 ex=00000100
RECT t=7 name=YAAGL tool window=180,168,486,324 client=480,300 style=14ca0000 ex=00000180
RECT t=7 name=YAAGL popup window=205,190,486,332 client=480,300 style=94ca0000 ex=00000100
RECT t=7 name=YAAGL dialog window=-203,36,486,332 client=480,300 style=94c80000 ex=00000101
RECT t=7 name=YAAGL ownerless-dialog window=255,234,486,332 client=480,300 style=14ca0000 ex=00000100
RECT t=7 name=YAAGL noactivate window=280,256,486,332 client=480,300 style=14ca0000 ex=08000100
RECT t=7 name=YAAGL child window=388,387,482,302 client=480,300 style=50800000 ex=00000000
RECT t=7 name=YAAGL disabled window=330,300,486,332 client=480,300 style=1cca0000 ex=00000100
RECT t=7 name=YAAGL constrained window=355,322,488,334 client=480,300 style=14cf0000 ex=00000100
yaagl-fullscreen: restored hwnd=0x10052 native=0 pending=0/0 content={480, 300} screen={{0, 0}, {1512, 982}} backingScale=2.0
RECT t=8 name=YAAGL fixed window=80,80,486,332 client=480,300 style=14ca0000 ex=00000100
RECT t=8 name=YAAGL resizable window=105,102,488,334 client=480,300 style=14cf0000 ex=00000100
RECT t=8 name=YAAGL fixed-max window=130,124,486,332 client=480,300 style=14cb0000 ex=00000100
RECT t=8 name=YAAGL owned window=-278,36,486,332 client=480,300 style=14ca0000 ex=00000100
RECT t=8 name=YAAGL tool window=180,168,486,324 client=480,300 style=14ca0000 ex=00000180
RECT t=8 name=YAAGL popup window=205,190,486,332 client=480,300 style=94ca0000 ex=00000100
RECT t=8 name=YAAGL dialog window=-203,36,486,332 client=480,300 style=94c80000 ex=00000101
RECT t=8 name=YAAGL ownerless-dialog window=255,234,486,332 client=480,300 style=14ca0000 ex=00000100
RECT t=8 name=YAAGL noactivate window=280,256,486,332 client=480,300 style=14ca0000 ex=08000100
RECT t=8 name=YAAGL child window=388,387,482,302 client=480,300 style=50800000 ex=00000000
RECT t=8 name=YAAGL disabled window=330,300,486,332 client=480,300 style=1cca0000 ex=00000100
RECT t=8 name=YAAGL constrained window=355,322,488,334 client=480,300 style=14cf0000 ex=00000100
RECT t=9 name=YAAGL fixed window=80,80,486,332 client=480,300 style=14ca0000 ex=00000100
RECT t=9 name=YAAGL resizable window=105,102,488,334 client=480,300 style=14cf0000 ex=00000100
RECT t=9 name=YAAGL fixed-max window=130,124,486,332 client=480,300 style=14cb0000 ex=00000100
RECT t=9 name=YAAGL owned window=-278,36,486,332 client=480,300 style=14ca0000 ex=00000100
RECT t=9 name=YAAGL tool window=180,168,486,324 client=480,300 style=14ca0000 ex=00000180
RECT t=9 name=YAAGL popup window=205,190,486,332 client=480,300 style=94ca0000 ex=00000100
RECT t=9 name=YAAGL dialog window=-203,36,486,332 client=480,300 style=94c80000 ex=00000101
RECT t=9 name=YAAGL ownerless-dialog window=255,234,486,332 client=480,300 style=14ca0000 ex=00000100
RECT t=9 name=YAAGL noactivate window=280,256,486,332 client=480,300 style=14ca0000 ex=08000100
RECT t=9 name=YAAGL child window=388,387,482,302 client=480,300 style=50800000 ex=00000000
RECT t=9 name=YAAGL disabled window=330,300,486,332 client=480,300 style=1cca0000 ex=00000100
RECT t=9 name=YAAGL constrained window=355,322,488,334 client=480,300 style=14cf0000 ex=00000100
RECT t=10 name=YAAGL fixed window=80,80,486,332 client=480,300 style=14ca0000 ex=00000100
RECT t=10 name=YAAGL resizable window=105,102,488,334 client=480,300 style=14cf0000 ex=00000100
RECT t=10 name=YAAGL fixed-max window=130,124,486,332 client=480,300 style=14cb0000 ex=00000100
RECT t=10 name=YAAGL owned window=-278,36,486,332 client=480,300 style=14ca0000 ex=00000100
RECT t=10 name=YAAGL tool window=180,168,486,324 client=480,300 style=14ca0000 ex=00000180
RECT t=10 name=YAAGL popup window=205,190,486,332 client=480,300 style=94ca0000 ex=00000100
RECT t=10 name=YAAGL dialog window=-203,36,486,332 client=480,300 style=94c80000 ex=00000101
RECT t=10 name=YAAGL ownerless-dialog window=255,234,486,332 client=480,300 style=14ca0000 ex=00000100
RECT t=10 name=YAAGL noactivate window=280,256,486,332 client=480,300 style=14ca0000 ex=08000100
RECT t=10 name=YAAGL child window=388,387,482,302 client=480,300 style=50800000 ex=00000000
RECT t=10 name=YAAGL disabled window=330,300,486,332 client=480,300 style=1cca0000 ex=00000100
RECT t=10 name=YAAGL constrained window=355,322,488,334 client=480,300 style=14cf0000 ex=00000100
yaagl-fullscreen: entering hwnd=0x10052 native=0 pending=1/0 content={480, 300} screen={{0, 0}, {1512, 982}} backingScale=2.0
RECT t=11 name=YAAGL fixed window=513,329,486,332 client=480,300 style=14ca0000 ex=00000100
RECT t=11 name=YAAGL resizable window=105,102,488,334 client=480,300 style=14cf0000 ex=00000100
RECT t=11 name=YAAGL fixed-max window=130,124,486,332 client=480,300 style=14cb0000 ex=00000100
RECT t=11 name=YAAGL owned window=-278,36,486,332 client=480,300 style=14ca0000 ex=00000100
RECT t=11 name=YAAGL tool window=180,168,486,324 client=480,300 style=14ca0000 ex=00000180
RECT t=11 name=YAAGL popup window=205,190,486,332 client=480,300 style=94ca0000 ex=00000100
RECT t=11 name=YAAGL dialog window=-203,36,486,332 client=480,300 style=94c80000 ex=00000101
RECT t=11 name=YAAGL ownerless-dialog window=255,234,486,332 client=480,300 style=14ca0000 ex=00000100
RECT t=11 name=YAAGL noactivate window=280,256,486,332 client=480,300 style=14ca0000 ex=08000100
RECT t=11 name=YAAGL child window=821,636,482,302 client=480,300 style=50800000 ex=00000000
RECT t=11 name=YAAGL disabled window=330,300,486,332 client=480,300 style=1cca0000 ex=00000100
RECT t=11 name=YAAGL constrained window=355,322,488,334 client=480,300 style=14cf0000 ex=00000100
yaagl-fullscreen: entered hwnd=0x10052 native=1 pending=0/0 content={480, 300} screen={{0, 0}, {1512, 982}} backingScale=2.0
RECT t=12 name=YAAGL fixed window=513,329,486,332 client=480,300 style=14ca0000 ex=00000100
RECT t=12 name=YAAGL resizable window=105,102,488,334 client=480,300 style=14cf0000 ex=00000100
RECT t=12 name=YAAGL fixed-max window=130,124,486,332 client=480,300 style=14cb0000 ex=00000100
RECT t=12 name=YAAGL owned window=-278,36,486,332 client=480,300 style=14ca0000 ex=00000100
RECT t=12 name=YAAGL tool window=180,168,486,324 client=480,300 style=14ca0000 ex=00000180
RECT t=12 name=YAAGL popup window=205,190,486,332 client=480,300 style=94ca0000 ex=00000100
RECT t=12 name=YAAGL dialog window=-203,36,486,332 client=480,300 style=94c80000 ex=00000101
RECT t=12 name=YAAGL ownerless-dialog window=255,234,486,332 client=480,300 style=14ca0000 ex=00000100
RECT t=12 name=YAAGL noactivate window=280,256,486,332 client=480,300 style=14ca0000 ex=08000100
RECT t=12 name=YAAGL child window=821,636,482,302 client=480,300 style=50800000 ex=00000000
RECT t=12 name=YAAGL disabled window=330,300,486,332 client=480,300 style=1cca0000 ex=00000100
RECT t=12 name=YAAGL constrained window=355,322,488,334 client=480,300 style=14cf0000 ex=00000100
RECT t=13 name=YAAGL fixed window=513,329,486,332 client=480,300 style=14ca0000 ex=00000100
RECT t=13 name=YAAGL resizable window=105,102,488,334 client=480,300 style=14cf0000 ex=00000100
RECT t=13 name=YAAGL fixed-max window=130,124,486,332 client=480,300 style=14cb0000 ex=00000100
RECT t=13 name=YAAGL owned window=-278,36,486,332 client=480,300 style=14ca0000 ex=00000100
RECT t=13 name=YAAGL tool window=180,168,486,324 client=480,300 style=14ca0000 ex=00000180
RECT t=13 name=YAAGL popup window=205,190,486,332 client=480,300 style=94ca0000 ex=00000100
RECT t=13 name=YAAGL dialog window=-203,36,486,332 client=480,300 style=94c80000 ex=00000101
RECT t=13 name=YAAGL ownerless-dialog window=255,234,486,332 client=480,300 style=14ca0000 ex=00000100
RECT t=13 name=YAAGL noactivate window=280,256,486,332 client=480,300 style=14ca0000 ex=08000100
RECT t=13 name=YAAGL child window=821,636,482,302 client=480,300 style=50800000 ex=00000000
RECT t=13 name=YAAGL disabled window=330,300,486,332 client=480,300 style=1cca0000 ex=00000100
RECT t=13 name=YAAGL constrained window=355,322,488,334 client=480,300 style=14cf0000 ex=00000100
RECT t=14 name=YAAGL fixed window=513,329,486,332 client=480,300 style=14ca0000 ex=00000100
RECT t=14 name=YAAGL resizable window=105,102,488,334 client=480,300 style=14cf0000 ex=00000100
RECT t=14 name=YAAGL fixed-max window=130,124,486,332 client=480,300 style=14cb0000 ex=00000100
RECT t=14 name=YAAGL owned window=-278,36,486,332 client=480,300 style=14ca0000 ex=00000100
RECT t=14 name=YAAGL tool window=180,168,486,324 client=480,300 style=14ca0000 ex=00000180
RECT t=14 name=YAAGL popup window=205,190,486,332 client=480,300 style=94ca0000 ex=00000100
RECT t=14 name=YAAGL dialog window=-203,36,486,332 client=480,300 style=94c80000 ex=00000101
RECT t=14 name=YAAGL ownerless-dialog window=255,234,486,332 client=480,300 style=14ca0000 ex=00000100
RECT t=14 name=YAAGL noactivate window=280,256,486,332 client=480,300 style=14ca0000 ex=08000100
RECT t=14 name=YAAGL child window=821,636,482,302 client=480,300 style=50800000 ex=00000000
RECT t=14 name=YAAGL disabled window=330,300,486,332 client=480,300 style=1cca0000 ex=00000100
RECT t=14 name=YAAGL constrained window=355,322,488,334 client=480,300 style=14cf0000 ex=00000100
RECT t=15 name=YAAGL fixed window=80,80,486,332 client=480,300 style=14ca0000 ex=00000100
RECT t=15 name=YAAGL resizable window=105,102,488,334 client=480,300 style=14cf0000 ex=00000100
RECT t=15 name=YAAGL fixed-max window=130,124,486,332 client=480,300 style=14cb0000 ex=00000100
RECT t=15 name=YAAGL owned window=-711,-213,486,332 client=480,300 style=14ca0000 ex=00000100
RECT t=15 name=YAAGL tool window=180,168,486,324 client=480,300 style=14ca0000 ex=00000180
RECT t=15 name=YAAGL popup window=205,190,486,332 client=480,300 style=94ca0000 ex=00000100
RECT t=15 name=YAAGL dialog window=-636,-213,486,332 client=480,300 style=94c80000 ex=00000101
RECT t=15 name=YAAGL ownerless-dialog window=255,234,486,332 client=480,300 style=14ca0000 ex=00000100
RECT t=15 name=YAAGL noactivate window=280,256,486,332 client=480,300 style=14ca0000 ex=08000100
RECT t=15 name=YAAGL child window=388,387,482,302 client=480,300 style=50800000 ex=00000000
RECT t=15 name=YAAGL disabled window=330,300,486,332 client=480,300 style=1cca0000 ex=00000100
RECT t=15 name=YAAGL constrained window=355,322,488,334 client=480,300 style=14cf0000 ex=00000100
yaagl-fullscreen: restored hwnd=0x10052 native=0 pending=0/0 content={480, 300} screen={{0, 0}, {1512, 982}} backingScale=2.0
RECT t=16 name=YAAGL fixed window=80,80,486,332 client=480,300 style=14ca0000 ex=00000100
RECT t=16 name=YAAGL resizable window=105,102,488,334 client=480,300 style=14cf0000 ex=00000100
RECT t=16 name=YAAGL fixed-max window=130,124,486,332 client=480,300 style=14cb0000 ex=00000100
RECT t=16 name=YAAGL owned window=-278,36,486,332 client=480,300 style=14ca0000 ex=00000100
RECT t=16 name=YAAGL tool window=180,168,486,324 client=480,300 style=14ca0000 ex=00000180
RECT t=16 name=YAAGL popup window=205,190,486,332 client=480,300 style=94ca0000 ex=00000100
RECT t=16 name=YAAGL dialog window=-203,36,486,332 client=480,300 style=94c80000 ex=00000101
RECT t=16 name=YAAGL ownerless-dialog window=255,234,486,332 client=480,300 style=14ca0000 ex=00000100
RECT t=16 name=YAAGL noactivate window=280,256,486,332 client=480,300 style=14ca0000 ex=08000100
RECT t=16 name=YAAGL child window=388,387,482,302 client=480,300 style=50800000 ex=00000000
RECT t=16 name=YAAGL disabled window=330,300,486,332 client=480,300 style=1cca0000 ex=00000100
RECT t=16 name=YAAGL constrained window=355,322,488,334 client=480,300 style=14cf0000 ex=00000100
RECT t=17 name=YAAGL fixed window=80,80,486,332 client=480,300 style=14ca0000 ex=00000100
RECT t=17 name=YAAGL resizable window=105,102,488,334 client=480,300 style=14cf0000 ex=00000100
RECT t=17 name=YAAGL fixed-max window=130,124,486,332 client=480,300 style=14cb0000 ex=00000100
RECT t=17 name=YAAGL owned window=-278,36,486,332 client=480,300 style=14ca0000 ex=00000100
RECT t=17 name=YAAGL tool window=180,168,486,324 client=480,300 style=14ca0000 ex=00000180
RECT t=17 name=YAAGL popup window=205,190,486,332 client=480,300 style=94ca0000 ex=00000100
RECT t=17 name=YAAGL dialog window=-203,36,486,332 client=480,300 style=94c80000 ex=00000101
RECT t=17 name=YAAGL ownerless-dialog window=255,234,486,332 client=480,300 style=14ca0000 ex=00000100
RECT t=17 name=YAAGL noactivate window=280,256,486,332 client=480,300 style=14ca0000 ex=08000100
RECT t=17 name=YAAGL child window=388,387,482,302 client=480,300 style=50800000 ex=00000000
RECT t=17 name=YAAGL disabled window=330,300,486,332 client=480,300 style=1cca0000 ex=00000100
RECT t=17 name=YAAGL constrained window=355,322,488,334 client=480,300 style=14cf0000 ex=00000100
RECT t=18 name=YAAGL fixed window=80,80,486,332 client=480,300 style=14ca0000 ex=00000100
RECT t=18 name=YAAGL resizable window=105,102,488,334 client=480,300 style=14cf0000 ex=00000100
RECT t=18 name=YAAGL fixed-max window=130,124,486,332 client=480,300 style=14cb0000 ex=00000100
RECT t=18 name=YAAGL owned window=-278,36,486,332 client=480,300 style=14ca0000 ex=00000100
RECT t=18 name=YAAGL tool window=180,168,486,324 client=480,300 style=14ca0000 ex=00000180
RECT t=18 name=YAAGL popup window=205,190,486,332 client=480,300 style=94ca0000 ex=00000100
RECT t=18 name=YAAGL dialog window=-203,36,486,332 client=480,300 style=94c80000 ex=00000101
RECT t=18 name=YAAGL ownerless-dialog window=255,234,486,332 client=480,300 style=14ca0000 ex=00000100
RECT t=18 name=YAAGL noactivate window=280,256,486,332 client=480,300 style=14ca0000 ex=08000100
RECT t=18 name=YAAGL child window=388,387,482,302 client=480,300 style=50800000 ex=00000000
RECT t=18 name=YAAGL disabled window=330,300,486,332 client=480,300 style=1cca0000 ex=00000100
RECT t=18 name=YAAGL constrained window=355,322,488,334 client=480,300 style=14cf0000 ex=00000100
yaagl-fullscreen: entering hwnd=0x10052 native=0 pending=1/0 content={480, 300} screen={{0, 0}, {1512, 982}} backingScale=2.0
RECT t=19 name=YAAGL fixed window=513,329,486,332 client=480,300 style=14ca0000 ex=00000100
RECT t=19 name=YAAGL resizable window=105,102,488,334 client=480,300 style=14cf0000 ex=00000100
RECT t=19 name=YAAGL fixed-max window=130,124,486,332 client=480,300 style=14cb0000 ex=00000100
RECT t=19 name=YAAGL owned window=-278,36,486,332 client=480,300 style=14ca0000 ex=00000100
RECT t=19 name=YAAGL tool window=180,168,486,324 client=480,300 style=14ca0000 ex=00000180
RECT t=19 name=YAAGL popup window=205,190,486,332 client=480,300 style=94ca0000 ex=00000100
RECT t=19 name=YAAGL dialog window=-203,36,486,332 client=480,300 style=94c80000 ex=00000101
RECT t=19 name=YAAGL ownerless-dialog window=255,234,486,332 client=480,300 style=14ca0000 ex=00000100
RECT t=19 name=YAAGL noactivate window=280,256,486,332 client=480,300 style=14ca0000 ex=08000100
RECT t=19 name=YAAGL child window=821,636,482,302 client=480,300 style=50800000 ex=00000000
RECT t=19 name=YAAGL disabled window=330,300,486,332 client=480,300 style=1cca0000 ex=00000100
RECT t=19 name=YAAGL constrained window=355,322,488,334 client=480,300 style=14cf0000 ex=00000100
yaagl-fullscreen: entered hwnd=0x10052 native=1 pending=0/0 content={480, 300} screen={{0, 0}, {1512, 982}} backingScale=2.0
RECT t=20 name=YAAGL fixed window=513,329,486,332 client=480,300 style=14ca0000 ex=00000100
RECT t=20 name=YAAGL resizable window=105,102,488,334 client=480,300 style=14cf0000 ex=00000100
RECT t=20 name=YAAGL fixed-max window=130,124,486,332 client=480,300 style=14cb0000 ex=00000100
RECT t=20 name=YAAGL owned window=-278,36,486,332 client=480,300 style=14ca0000 ex=00000100
RECT t=20 name=YAAGL tool window=180,168,486,324 client=480,300 style=14ca0000 ex=00000180
RECT t=20 name=YAAGL popup window=205,190,486,332 client=480,300 style=94ca0000 ex=00000100
RECT t=20 name=YAAGL dialog window=-203,36,486,332 client=480,300 style=94c80000 ex=00000101
RECT t=20 name=YAAGL ownerless-dialog window=255,234,486,332 client=480,300 style=14ca0000 ex=00000100
RECT t=20 name=YAAGL noactivate window=280,256,486,332 client=480,300 style=14ca0000 ex=08000100
RECT t=20 name=YAAGL child window=821,636,482,302 client=480,300 style=50800000 ex=00000000
RECT t=20 name=YAAGL disabled window=330,300,486,332 client=480,300 style=1cca0000 ex=00000100
RECT t=20 name=YAAGL constrained window=355,322,488,334 client=480,300 style=14cf0000 ex=00000100
RECT t=21 name=YAAGL fixed window=513,329,486,332 client=480,300 style=14ca0000 ex=00000100
RECT t=21 name=YAAGL resizable window=105,102,488,334 client=480,300 style=14cf0000 ex=00000100
RECT t=21 name=YAAGL fixed-max window=130,124,486,332 client=480,300 style=14cb0000 ex=00000100
RECT t=21 name=YAAGL owned window=-278,36,486,332 client=480,300 style=14ca0000 ex=00000100
RECT t=21 name=YAAGL tool window=180,168,486,324 client=480,300 style=14ca0000 ex=00000180
RECT t=21 name=YAAGL popup window=205,190,486,332 client=480,300 style=94ca0000 ex=00000100
RECT t=21 name=YAAGL dialog window=-203,36,486,332 client=480,300 style=94c80000 ex=00000101
RECT t=21 name=YAAGL ownerless-dialog window=255,234,486,332 client=480,300 style=14ca0000 ex=00000100
RECT t=21 name=YAAGL noactivate window=280,256,486,332 client=480,300 style=14ca0000 ex=08000100
RECT t=21 name=YAAGL child window=821,636,482,302 client=480,300 style=50800000 ex=00000000
RECT t=21 name=YAAGL disabled window=330,300,486,332 client=480,300 style=1cca0000 ex=00000100
RECT t=21 name=YAAGL constrained window=355,322,488,334 client=480,300 style=14cf0000 ex=00000100
RECT t=22 name=YAAGL fixed window=513,329,486,332 client=480,300 style=14ca0000 ex=00000100
RECT t=22 name=YAAGL resizable window=105,102,488,334 client=480,300 style=14cf0000 ex=00000100
RECT t=22 name=YAAGL fixed-max window=130,124,486,332 client=480,300 style=14cb0000 ex=00000100
RECT t=22 name=YAAGL owned window=-278,36,486,332 client=480,300 style=14ca0000 ex=00000100
RECT t=22 name=YAAGL tool window=180,168,486,324 client=480,300 style=14ca0000 ex=00000180
RECT t=22 name=YAAGL popup window=205,190,486,332 client=480,300 style=94ca0000 ex=00000100
RECT t=22 name=YAAGL dialog window=-203,36,486,332 client=480,300 style=94c80000 ex=00000101
RECT t=22 name=YAAGL ownerless-dialog window=255,234,486,332 client=480,300 style=14ca0000 ex=00000100
RECT t=22 name=YAAGL noactivate window=280,256,486,332 client=480,300 style=14ca0000 ex=08000100
RECT t=22 name=YAAGL child window=821,636,482,302 client=480,300 style=50800000 ex=00000000
RECT t=22 name=YAAGL disabled window=330,300,486,332 client=480,300 style=1cca0000 ex=00000100
RECT t=22 name=YAAGL constrained window=355,322,488,334 client=480,300 style=14cf0000 ex=00000100
RECT t=23 name=YAAGL fixed window=80,80,486,332 client=480,300 style=14ca0000 ex=00000100
RECT t=23 name=YAAGL resizable window=105,102,488,334 client=480,300 style=14cf0000 ex=00000100
RECT t=23 name=YAAGL fixed-max window=130,124,486,332 client=480,300 style=14cb0000 ex=00000100
RECT t=23 name=YAAGL owned window=-711,-213,486,332 client=480,300 style=14ca0000 ex=00000100
RECT t=23 name=YAAGL tool window=180,168,486,324 client=480,300 style=14ca0000 ex=00000180
RECT t=23 name=YAAGL popup window=205,190,486,332 client=480,300 style=94ca0000 ex=00000100
RECT t=23 name=YAAGL dialog window=-636,-213,486,332 client=480,300 style=94c80000 ex=00000101
RECT t=23 name=YAAGL ownerless-dialog window=255,234,486,332 client=480,300 style=14ca0000 ex=00000100
RECT t=23 name=YAAGL noactivate window=280,256,486,332 client=480,300 style=14ca0000 ex=08000100
RECT t=23 name=YAAGL child window=388,387,482,302 client=480,300 style=50800000 ex=00000000
RECT t=23 name=YAAGL disabled window=330,300,486,332 client=480,300 style=1cca0000 ex=00000100
RECT t=23 name=YAAGL constrained window=355,322,488,334 client=480,300 style=14cf0000 ex=00000100
yaagl-fullscreen: restored hwnd=0x10052 native=0 pending=0/0 content={480, 300} screen={{0, 0}, {1512, 982}} backingScale=2.0
RECT t=24 name=YAAGL fixed window=80,80,486,332 client=480,300 style=14ca0000 ex=00000100
RECT t=24 name=YAAGL resizable window=105,102,488,334 client=480,300 style=14cf0000 ex=00000100
RECT t=24 name=YAAGL fixed-max window=130,124,486,332 client=480,300 style=14cb0000 ex=00000100
RECT t=24 name=YAAGL owned window=-278,36,486,332 client=480,300 style=14ca0000 ex=00000100
RECT t=24 name=YAAGL tool window=180,168,486,324 client=480,300 style=14ca0000 ex=00000180
RECT t=24 name=YAAGL popup window=205,190,486,332 client=480,300 style=94ca0000 ex=00000100
RECT t=24 name=YAAGL dialog window=-203,36,486,332 client=480,300 style=94c80000 ex=00000101
RECT t=24 name=YAAGL ownerless-dialog window=255,234,486,332 client=480,300 style=14ca0000 ex=00000100
RECT t=24 name=YAAGL noactivate window=280,256,486,332 client=480,300 style=14ca0000 ex=08000100
RECT t=24 name=YAAGL child window=388,387,482,302 client=480,300 style=50800000 ex=00000000
RECT t=24 name=YAAGL disabled window=330,300,486,332 client=480,300 style=1cca0000 ex=00000100
RECT t=24 name=YAAGL constrained window=355,322,488,334 client=480,300 style=14cf0000 ex=00000100
RECT t=25 name=YAAGL fixed window=80,80,486,332 client=480,300 style=14ca0000 ex=00000100
RECT t=25 name=YAAGL resizable window=105,102,488,334 client=480,300 style=14cf0000 ex=00000100
RECT t=25 name=YAAGL fixed-max window=130,124,486,332 client=480,300 style=14cb0000 ex=00000100
RECT t=25 name=YAAGL owned window=-278,36,486,332 client=480,300 style=14ca0000 ex=00000100
RECT t=25 name=YAAGL tool window=180,168,486,324 client=480,300 style=14ca0000 ex=00000180
RECT t=25 name=YAAGL popup window=205,190,486,332 client=480,300 style=94ca0000 ex=00000100
RECT t=25 name=YAAGL dialog window=-203,36,486,332 client=480,300 style=94c80000 ex=00000101
RECT t=25 name=YAAGL ownerless-dialog window=255,234,486,332 client=480,300 style=14ca0000 ex=00000100
RECT t=25 name=YAAGL noactivate window=280,256,486,332 client=480,300 style=14ca0000 ex=08000100
RECT t=25 name=YAAGL child window=388,387,482,302 client=480,300 style=50800000 ex=00000000
RECT t=25 name=YAAGL disabled window=330,300,486,332 client=480,300 style=1cca0000 ex=00000100
RECT t=25 name=YAAGL constrained window=355,322,488,334 client=480,300 style=14cf0000 ex=00000100
RECT t=26 name=YAAGL fixed window=80,80,486,332 client=480,300 style=14ca0000 ex=00000100
RECT t=26 name=YAAGL resizable window=105,102,488,334 client=480,300 style=14cf0000 ex=00000100
RECT t=26 name=YAAGL fixed-max window=130,124,486,332 client=480,300 style=14cb0000 ex=00000100
RECT t=26 name=YAAGL owned window=-278,36,486,332 client=480,300 style=14ca0000 ex=00000100
RECT t=26 name=YAAGL tool window=180,168,486,324 client=480,300 style=14ca0000 ex=00000180
RECT t=26 name=YAAGL popup window=205,190,486,332 client=480,300 style=94ca0000 ex=00000100
RECT t=26 name=YAAGL dialog window=-203,36,486,332 client=480,300 style=94c80000 ex=00000101
RECT t=26 name=YAAGL ownerless-dialog window=255,234,486,332 client=480,300 style=14ca0000 ex=00000100
RECT t=26 name=YAAGL noactivate window=280,256,486,332 client=480,300 style=14ca0000 ex=08000100
RECT t=26 name=YAAGL child window=388,387,482,302 client=480,300 style=50800000 ex=00000000
RECT t=26 name=YAAGL disabled window=330,300,486,332 client=480,300 style=1cca0000 ex=00000100
RECT t=26 name=YAAGL constrained window=355,322,488,334 client=480,300 style=14cf0000 ex=00000100
RECT t=27 name=YAAGL fixed window=80,80,486,332 client=480,300 style=14ca0000 ex=00000100
RECT t=27 name=YAAGL resizable window=-4,3,1520,983 client=1512,949 style=14cf0000 ex=00000100
RECT t=27 name=YAAGL fixed-max window=130,124,486,332 client=480,300 style=14cb0000 ex=00000100
RECT t=27 name=YAAGL owned window=-278,36,486,332 client=480,300 style=14ca0000 ex=00000100
RECT t=27 name=YAAGL tool window=180,168,486,324 client=480,300 style=14ca0000 ex=00000180
RECT t=27 name=YAAGL popup window=205,190,486,332 client=480,300 style=94ca0000 ex=00000100
RECT t=27 name=YAAGL dialog window=-203,36,486,332 client=480,300 style=94c80000 ex=00000101
RECT t=27 name=YAAGL ownerless-dialog window=255,234,486,332 client=480,300 style=14ca0000 ex=00000100
RECT t=27 name=YAAGL noactivate window=280,256,486,332 client=480,300 style=14ca0000 ex=08000100
RECT t=27 name=YAAGL child window=388,387,482,302 client=480,300 style=50800000 ex=00000000
RECT t=27 name=YAAGL disabled window=330,300,486,332 client=480,300 style=1cca0000 ex=00000100
RECT t=27 name=YAAGL constrained window=355,322,488,334 client=480,300 style=14cf0000 ex=00000100
RECT t=28 name=YAAGL fixed window=80,80,486,332 client=480,300 style=14ca0000 ex=00000100
RECT t=28 name=YAAGL resizable window=-4,3,1520,983 client=1512,949 style=14cf0000 ex=00000100
RECT t=28 name=YAAGL fixed-max window=130,124,486,332 client=480,300 style=14cb0000 ex=00000100
RECT t=28 name=YAAGL owned window=-278,36,486,332 client=480,300 style=14ca0000 ex=00000100
RECT t=28 name=YAAGL tool window=180,168,486,324 client=480,300 style=14ca0000 ex=00000180
RECT t=28 name=YAAGL popup window=205,190,486,332 client=480,300 style=94ca0000 ex=00000100
RECT t=28 name=YAAGL dialog window=-203,36,486,332 client=480,300 style=94c80000 ex=00000101
RECT t=28 name=YAAGL ownerless-dialog window=255,234,486,332 client=480,300 style=14ca0000 ex=00000100
RECT t=28 name=YAAGL noactivate window=280,256,486,332 client=480,300 style=14ca0000 ex=08000100
RECT t=28 name=YAAGL child window=388,387,482,302 client=480,300 style=50800000 ex=00000000
RECT t=28 name=YAAGL disabled window=330,300,486,332 client=480,300 style=1cca0000 ex=00000100
RECT t=28 name=YAAGL constrained window=355,322,488,334 client=480,300 style=14cf0000 ex=00000100
RECT t=29 name=YAAGL fixed window=80,80,486,332 client=480,300 style=14ca0000 ex=00000100
RECT t=29 name=YAAGL resizable window=-4,3,1520,983 client=1512,949 style=14cf0000 ex=00000100
RECT t=29 name=YAAGL fixed-max window=130,124,486,332 client=480,300 style=14cb0000 ex=00000100
RECT t=29 name=YAAGL owned window=-278,36,486,332 client=480,300 style=14ca0000 ex=00000100
RECT t=29 name=YAAGL tool window=180,168,486,324 client=480,300 style=14ca0000 ex=00000180
RECT t=29 name=YAAGL popup window=205,190,486,332 client=480,300 style=94ca0000 ex=00000100
RECT t=29 name=YAAGL dialog window=-203,36,486,332 client=480,300 style=94c80000 ex=00000101
RECT t=29 name=YAAGL ownerless-dialog window=255,234,486,332 client=480,300 style=14ca0000 ex=00000100
RECT t=29 name=YAAGL noactivate window=280,256,486,332 client=480,300 style=14ca0000 ex=08000100
RECT t=29 name=YAAGL child window=388,387,482,302 client=480,300 style=50800000 ex=00000000
RECT t=29 name=YAAGL disabled window=330,300,486,332 client=480,300 style=1cca0000 ex=00000100
RECT t=29 name=YAAGL constrained window=355,322,488,334 client=480,300 style=14cf0000 ex=00000100
RECT t=30 name=YAAGL fixed window=80,80,486,332 client=480,300 style=14ca0000 ex=00000100
RECT t=30 name=YAAGL resizable window=-4,3,1520,983 client=1512,949 style=14cf0000 ex=00000100
RECT t=30 name=YAAGL fixed-max window=130,124,486,332 client=480,300 style=14cb0000 ex=00000100
RECT t=30 name=YAAGL owned window=-278,36,486,332 client=480,300 style=14ca0000 ex=00000100
RECT t=30 name=YAAGL tool window=180,168,486,324 client=480,300 style=14ca0000 ex=00000180
RECT t=30 name=YAAGL popup window=205,190,486,332 client=480,300 style=94ca0000 ex=00000100
RECT t=30 name=YAAGL dialog window=-203,36,486,332 client=480,300 style=94c80000 ex=00000101
RECT t=30 name=YAAGL ownerless-dialog window=255,234,486,332 client=480,300 style=14ca0000 ex=00000100
RECT t=30 name=YAAGL noactivate window=280,256,486,332 client=480,300 style=14ca0000 ex=08000100
RECT t=30 name=YAAGL child window=388,387,482,302 client=480,300 style=50800000 ex=00000000
RECT t=30 name=YAAGL disabled window=330,300,486,332 client=480,300 style=1cca0000 ex=00000100
RECT t=30 name=YAAGL constrained window=355,322,488,334 client=480,300 style=14cf0000 ex=00000100
RECT t=31 name=YAAGL fixed window=80,80,486,332 client=480,300 style=14ca0000 ex=00000100
RECT t=31 name=YAAGL resizable window=105,102,488,334 client=480,300 style=14cf0000 ex=00000100
RECT t=31 name=YAAGL fixed-max window=130,124,486,332 client=480,300 style=14cb0000 ex=00000100
RECT t=31 name=YAAGL owned window=-278,36,486,332 client=480,300 style=14ca0000 ex=00000100
RECT t=31 name=YAAGL tool window=180,168,486,324 client=480,300 style=14ca0000 ex=00000180
RECT t=31 name=YAAGL popup window=205,190,486,332 client=480,300 style=94ca0000 ex=00000100
RECT t=31 name=YAAGL dialog window=-203,36,486,332 client=480,300 style=94c80000 ex=00000101
RECT t=31 name=YAAGL ownerless-dialog window=255,234,486,332 client=480,300 style=14ca0000 ex=00000100
RECT t=31 name=YAAGL noactivate window=280,256,486,332 client=480,300 style=14ca0000 ex=08000100
RECT t=31 name=YAAGL child window=388,387,482,302 client=480,300 style=50800000 ex=00000000
RECT t=31 name=YAAGL disabled window=330,300,486,332 client=480,300 style=1cca0000 ex=00000100
RECT t=31 name=YAAGL constrained window=355,322,488,334 client=480,300 style=14cf0000 ex=00000100
RECT t=32 name=YAAGL fixed window=80,80,486,332 client=480,300 style=14ca0000 ex=00000100
RECT t=32 name=YAAGL resizable window=105,102,488,334 client=480,300 style=14cf0000 ex=00000100
RECT t=32 name=YAAGL fixed-max window=130,124,486,332 client=480,300 style=14cb0000 ex=00000100
RECT t=32 name=YAAGL owned window=-278,36,486,332 client=480,300 style=14ca0000 ex=00000100
RECT t=32 name=YAAGL tool window=180,168,486,324 client=480,300 style=14ca0000 ex=00000180
RECT t=32 name=YAAGL popup window=205,190,486,332 client=480,300 style=94ca0000 ex=00000100
RECT t=32 name=YAAGL dialog window=-203,36,486,332 client=480,300 style=94c80000 ex=00000101
RECT t=32 name=YAAGL ownerless-dialog window=255,234,486,332 client=480,300 style=14ca0000 ex=00000100
RECT t=32 name=YAAGL noactivate window=280,256,486,332 client=480,300 style=14ca0000 ex=08000100
RECT t=32 name=YAAGL child window=388,387,482,302 client=480,300 style=50800000 ex=00000000
RECT t=32 name=YAAGL disabled window=330,300,486,332 client=480,300 style=1cca0000 ex=00000100
RECT t=32 name=YAAGL constrained window=355,322,488,334 client=480,300 style=14cf0000 ex=00000100
RECT t=33 name=YAAGL fixed window=80,80,486,332 client=480,300 style=14ca0000 ex=00000100
RECT t=33 name=YAAGL resizable window=105,102,488,334 client=480,300 style=14cf0000 ex=00000100
RECT t=33 name=YAAGL fixed-max window=130,124,486,332 client=480,300 style=14cb0000 ex=00000100
RECT t=33 name=YAAGL owned window=-278,36,486,332 client=480,300 style=14ca0000 ex=00000100
RECT t=33 name=YAAGL tool window=180,168,486,324 client=480,300 style=14ca0000 ex=00000180
RECT t=33 name=YAAGL popup window=205,190,486,332 client=480,300 style=94ca0000 ex=00000100
RECT t=33 name=YAAGL dialog window=-203,36,486,332 client=480,300 style=94c80000 ex=00000101
RECT t=33 name=YAAGL ownerless-dialog window=255,234,486,332 client=480,300 style=14ca0000 ex=00000100
RECT t=33 name=YAAGL noactivate window=280,256,486,332 client=480,300 style=14ca0000 ex=08000100
RECT t=33 name=YAAGL child window=388,387,482,302 client=480,300 style=50800000 ex=00000000
RECT t=33 name=YAAGL disabled window=330,300,486,332 client=480,300 style=1cca0000 ex=00000100
RECT t=33 name=YAAGL constrained window=355,322,488,334 client=480,300 style=14cf0000 ex=00000100
RECT t=34 name=YAAGL fixed window=80,80,486,332 client=480,300 style=14ca0000 ex=00000100
RECT t=34 name=YAAGL resizable window=105,102,488,334 client=480,300 style=14cf0000 ex=00000100
RECT t=34 name=YAAGL fixed-max window=130,124,486,332 client=480,300 style=14cb0000 ex=00000100
RECT t=34 name=YAAGL owned window=-278,36,486,332 client=480,300 style=14ca0000 ex=00000100
RECT t=34 name=YAAGL tool window=180,168,486,324 client=480,300 style=14ca0000 ex=00000180
RECT t=34 name=YAAGL popup window=205,190,486,332 client=480,300 style=94ca0000 ex=00000100
RECT t=34 name=YAAGL dialog window=-203,36,486,332 client=480,300 style=94c80000 ex=00000101
RECT t=34 name=YAAGL ownerless-dialog window=255,234,486,332 client=480,300 style=14ca0000 ex=00000100
RECT t=34 name=YAAGL noactivate window=280,256,486,332 client=480,300 style=14ca0000 ex=08000100
RECT t=34 name=YAAGL child window=388,387,482,302 client=480,300 style=50800000 ex=00000000
RECT t=34 name=YAAGL disabled window=330,300,486,332 client=480,300 style=1cca0000 ex=00000100
RECT t=34 name=YAAGL constrained window=355,322,488,334 client=480,300 style=14cf0000 ex=00000100
yaagl-fullscreen: entering hwnd=0x10064 native=0 pending=1/0 content={480, 300} screen={{0, 0}, {1512, 982}} backingScale=2.0
RECT t=35 name=YAAGL fixed window=80,80,486,332 client=480,300 style=14ca0000 ex=00000100
RECT t=35 name=YAAGL resizable window=105,102,488,334 client=480,300 style=14cf0000 ex=00000100
RECT t=35 name=YAAGL fixed-max window=513,313,486,364 client=480,332 style=14cb0000 ex=00000100
RECT t=35 name=YAAGL owned window=-278,36,486,332 client=480,300 style=14ca0000 ex=00000100
RECT t=35 name=YAAGL tool window=180,168,486,324 client=480,300 style=14ca0000 ex=00000180
RECT t=35 name=YAAGL popup window=205,190,486,332 client=480,300 style=94ca0000 ex=00000100
RECT t=35 name=YAAGL dialog window=-203,36,486,332 client=480,300 style=94c80000 ex=00000101
RECT t=35 name=YAAGL ownerless-dialog window=255,234,486,332 client=480,300 style=14ca0000 ex=00000100
RECT t=35 name=YAAGL noactivate window=280,256,486,332 client=480,300 style=14ca0000 ex=08000100
RECT t=35 name=YAAGL child window=388,387,482,302 client=480,300 style=50800000 ex=00000000
RECT t=35 name=YAAGL disabled window=330,300,486,332 client=480,300 style=1cca0000 ex=00000100
RECT t=35 name=YAAGL constrained window=355,322,488,334 client=480,300 style=14cf0000 ex=00000100
yaagl-fullscreen: entered hwnd=0x10064 native=1 pending=0/0 content={480, 332} screen={{0, 0}, {1512, 982}} backingScale=2.0
RECT t=36 name=YAAGL fixed window=80,80,486,332 client=480,300 style=14ca0000 ex=00000100
RECT t=36 name=YAAGL resizable window=105,102,488,334 client=480,300 style=14cf0000 ex=00000100
RECT t=36 name=YAAGL fixed-max window=513,313,486,364 client=480,332 style=14cb0000 ex=00000100
RECT t=36 name=YAAGL owned window=-278,36,486,332 client=480,300 style=14ca0000 ex=00000100
RECT t=36 name=YAAGL tool window=180,168,486,324 client=480,300 style=14ca0000 ex=00000180
RECT t=36 name=YAAGL popup window=205,190,486,332 client=480,300 style=94ca0000 ex=00000100
RECT t=36 name=YAAGL dialog window=-203,36,486,332 client=480,300 style=94c80000 ex=00000101
RECT t=36 name=YAAGL ownerless-dialog window=255,234,486,332 client=480,300 style=14ca0000 ex=00000100
RECT t=36 name=YAAGL noactivate window=280,256,486,332 client=480,300 style=14ca0000 ex=08000100
RECT t=36 name=YAAGL child window=388,387,482,302 client=480,300 style=50800000 ex=00000000
RECT t=36 name=YAAGL disabled window=330,300,486,332 client=480,300 style=1cca0000 ex=00000100
RECT t=36 name=YAAGL constrained window=355,322,488,334 client=480,300 style=14cf0000 ex=00000100
RECT t=37 name=YAAGL fixed window=80,80,486,332 client=480,300 style=14ca0000 ex=00000100
RECT t=37 name=YAAGL resizable window=105,102,488,334 client=480,300 style=14cf0000 ex=00000100
RECT t=37 name=YAAGL fixed-max window=513,313,486,364 client=480,332 style=14cb0000 ex=00000100
RECT t=37 name=YAAGL owned window=-278,36,486,332 client=480,300 style=14ca0000 ex=00000100
RECT t=37 name=YAAGL tool window=180,168,486,324 client=480,300 style=14ca0000 ex=00000180
RECT t=37 name=YAAGL popup window=205,190,486,332 client=480,300 style=94ca0000 ex=00000100
RECT t=37 name=YAAGL dialog window=-203,36,486,332 client=480,300 style=94c80000 ex=00000101
RECT t=37 name=YAAGL ownerless-dialog window=255,234,486,332 client=480,300 style=14ca0000 ex=00000100
RECT t=37 name=YAAGL noactivate window=280,256,486,332 client=480,300 style=14ca0000 ex=08000100
RECT t=37 name=YAAGL child window=388,387,482,302 client=480,300 style=50800000 ex=00000000
RECT t=37 name=YAAGL disabled window=330,300,486,332 client=480,300 style=1cca0000 ex=00000100
RECT t=37 name=YAAGL constrained window=355,322,488,334 client=480,300 style=14cf0000 ex=00000100
RECT t=38 name=YAAGL fixed window=80,80,486,332 client=480,300 style=14ca0000 ex=00000100
RECT t=38 name=YAAGL resizable window=105,102,488,334 client=480,300 style=14cf0000 ex=00000100
RECT t=38 name=YAAGL fixed-max window=513,313,486,364 client=480,332 style=14cb0000 ex=00000100
RECT t=38 name=YAAGL owned window=-278,36,486,332 client=480,300 style=14ca0000 ex=00000100
RECT t=38 name=YAAGL tool window=180,168,486,324 client=480,300 style=14ca0000 ex=00000180
RECT t=38 name=YAAGL popup window=205,190,486,332 client=480,300 style=94ca0000 ex=00000100
RECT t=38 name=YAAGL dialog window=-203,36,486,332 client=480,300 style=94c80000 ex=00000101
RECT t=38 name=YAAGL ownerless-dialog window=255,234,486,332 client=480,300 style=14ca0000 ex=00000100
RECT t=38 name=YAAGL noactivate window=280,256,486,332 client=480,300 style=14ca0000 ex=08000100
RECT t=38 name=YAAGL child window=388,387,482,302 client=480,300 style=50800000 ex=00000000
RECT t=38 name=YAAGL disabled window=330,300,486,332 client=480,300 style=1cca0000 ex=00000100
RECT t=38 name=YAAGL constrained window=355,322,488,334 client=480,300 style=14cf0000 ex=00000100
RECT t=39 name=YAAGL fixed window=80,80,486,332 client=480,300 style=14ca0000 ex=00000100
RECT t=39 name=YAAGL resizable window=105,102,488,334 client=480,300 style=14cf0000 ex=00000100
RECT t=39 name=YAAGL fixed-max window=130,124,486,332 client=480,300 style=14cb0000 ex=00000100
RECT t=39 name=YAAGL owned window=-278,36,486,332 client=480,300 style=14ca0000 ex=00000100
RECT t=39 name=YAAGL tool window=180,168,486,324 client=480,300 style=14ca0000 ex=00000180
RECT t=39 name=YAAGL popup window=205,190,486,332 client=480,300 style=94ca0000 ex=00000100
RECT t=39 name=YAAGL dialog window=-203,36,486,332 client=480,300 style=94c80000 ex=00000101
RECT t=39 name=YAAGL ownerless-dialog window=255,234,486,332 client=480,300 style=14ca0000 ex=00000100
RECT t=39 name=YAAGL noactivate window=280,256,486,332 client=480,300 style=14ca0000 ex=08000100
RECT t=39 name=YAAGL child window=388,387,482,302 client=480,300 style=50800000 ex=00000000
RECT t=39 name=YAAGL disabled window=330,300,486,332 client=480,300 style=1cca0000 ex=00000100
RECT t=39 name=YAAGL constrained window=355,322,488,334 client=480,300 style=14cf0000 ex=00000100
yaagl-fullscreen: restored hwnd=0x10064 native=0 pending=0/0 content={480, 300} screen={{0, 0}, {1512, 982}} backingScale=2.0
RECT t=40 name=YAAGL fixed window=80,80,486,332 client=480,300 style=14ca0000 ex=00000100
RECT t=40 name=YAAGL resizable window=105,102,488,334 client=480,300 style=14cf0000 ex=00000100
RECT t=40 name=YAAGL fixed-max window=130,124,486,332 client=480,300 style=14cb0000 ex=00000100
RECT t=40 name=YAAGL owned window=-278,36,486,332 client=480,300 style=14ca0000 ex=00000100
RECT t=40 name=YAAGL tool window=180,168,486,324 client=480,300 style=14ca0000 ex=00000180
RECT t=40 name=YAAGL popup window=205,190,486,332 client=480,300 style=94ca0000 ex=00000100
RECT t=40 name=YAAGL dialog window=-203,36,486,332 client=480,300 style=94c80000 ex=00000101
RECT t=40 name=YAAGL ownerless-dialog window=255,234,486,332 client=480,300 style=14ca0000 ex=00000100
RECT t=40 name=YAAGL noactivate window=280,256,486,332 client=480,300 style=14ca0000 ex=08000100
RECT t=40 name=YAAGL child window=388,387,482,302 client=480,300 style=50800000 ex=00000000
RECT t=40 name=YAAGL disabled window=330,300,486,332 client=480,300 style=1cca0000 ex=00000100
RECT t=40 name=YAAGL constrained window=355,322,488,334 client=480,300 style=14cf0000 ex=00000100
RECT t=41 name=YAAGL fixed window=80,80,486,332 client=480,300 style=14ca0000 ex=00000100
RECT t=41 name=YAAGL resizable window=105,102,488,334 client=480,300 style=14cf0000 ex=00000100
RECT t=41 name=YAAGL fixed-max window=130,124,486,332 client=480,300 style=14cb0000 ex=00000100
RECT t=41 name=YAAGL owned window=-278,36,486,332 client=480,300 style=14ca0000 ex=00000100
RECT t=41 name=YAAGL tool window=180,168,486,324 client=480,300 style=14ca0000 ex=00000180
RECT t=41 name=YAAGL popup window=205,190,486,332 client=480,300 style=94ca0000 ex=00000100
RECT t=41 name=YAAGL dialog window=-203,36,486,332 client=480,300 style=94c80000 ex=00000101
RECT t=41 name=YAAGL ownerless-dialog window=255,234,486,332 client=480,300 style=14ca0000 ex=00000100
RECT t=41 name=YAAGL noactivate window=280,256,486,332 client=480,300 style=14ca0000 ex=08000100
RECT t=41 name=YAAGL child window=388,387,482,302 client=480,300 style=50800000 ex=00000000
RECT t=41 name=YAAGL disabled window=330,300,486,332 client=480,300 style=1cca0000 ex=00000100
RECT t=41 name=YAAGL constrained window=355,322,488,334 client=480,300 style=14cf0000 ex=00000100
RECT t=42 name=YAAGL fixed window=80,80,486,332 client=480,300 style=14ca0000 ex=00000100
RECT t=42 name=YAAGL resizable window=105,102,488,334 client=480,300 style=14cf0000 ex=00000100
RECT t=42 name=YAAGL fixed-max window=130,124,486,332 client=480,300 style=14cb0000 ex=00000100
RECT t=42 name=YAAGL owned window=-278,36,486,332 client=480,300 style=14ca0000 ex=00000100
RECT t=42 name=YAAGL tool window=180,168,486,324 client=480,300 style=14ca0000 ex=00000180
RECT t=42 name=YAAGL popup window=205,190,486,332 client=480,300 style=94ca0000 ex=00000100
RECT t=42 name=YAAGL dialog window=-203,36,486,332 client=480,300 style=94c80000 ex=00000101
RECT t=42 name=YAAGL ownerless-dialog window=255,234,486,332 client=480,300 style=14ca0000 ex=00000100
RECT t=42 name=YAAGL noactivate window=280,256,486,332 client=480,300 style=14ca0000 ex=08000100
RECT t=42 name=YAAGL child window=388,387,482,302 client=480,300 style=50800000 ex=00000000
RECT t=42 name=YAAGL disabled window=330,300,486,332 client=480,300 style=1cca0000 ex=00000100
RECT t=42 name=YAAGL constrained window=355,322,488,334 client=480,300 style=14cf0000 ex=00000100
RECT t=43 name=YAAGL fixed window=80,80,486,332 client=480,300 style=14ca0000 ex=00000100
RECT t=43 name=YAAGL resizable window=105,102,488,334 client=480,300 style=14cf0000 ex=00000100
RECT t=43 name=YAAGL fixed-max window=130,124,486,332 client=480,300 style=14cb0000 ex=00000100
RECT t=43 name=YAAGL owned window=-278,36,486,332 client=480,300 style=14ca0000 ex=00000100
RECT t=43 name=YAAGL tool window=180,168,486,324 client=480,300 style=14ca0000 ex=00000180
RECT t=43 name=YAAGL popup window=205,190,486,332 client=480,300 style=94ca0000 ex=00000100
RECT t=43 name=YAAGL dialog window=-203,36,486,332 client=480,300 style=94c80000 ex=00000101
RECT t=43 name=YAAGL ownerless-dialog window=255,234,486,332 client=480,300 style=14ca0000 ex=00000100
RECT t=43 name=YAAGL noactivate window=280,256,486,332 client=480,300 style=14ca0000 ex=08000100
RECT t=43 name=YAAGL child window=388,387,482,302 client=480,300 style=50800000 ex=00000000
RECT t=43 name=YAAGL disabled window=330,300,486,332 client=480,300 style=1cca0000 ex=00000100
RECT t=43 name=YAAGL constrained window=512,328,488,334 client=480,300 style=14cf0000 ex=00000100
RECT t=44 name=YAAGL fixed window=80,80,486,332 client=480,300 style=14ca0000 ex=00000100
RECT t=44 name=YAAGL resizable window=105,102,488,334 client=480,300 style=14cf0000 ex=00000100
RECT t=44 name=YAAGL fixed-max window=130,124,486,332 client=480,300 style=14cb0000 ex=00000100
RECT t=44 name=YAAGL owned window=-278,36,486,332 client=480,300 style=14ca0000 ex=00000100
RECT t=44 name=YAAGL tool window=180,168,486,324 client=480,300 style=14ca0000 ex=00000180
RECT t=44 name=YAAGL popup window=205,190,486,332 client=480,300 style=94ca0000 ex=00000100
RECT t=44 name=YAAGL dialog window=-203,36,486,332 client=480,300 style=94c80000 ex=00000101
RECT t=44 name=YAAGL ownerless-dialog window=255,234,486,332 client=480,300 style=14ca0000 ex=00000100
RECT t=44 name=YAAGL noactivate window=280,256,486,332 client=480,300 style=14ca0000 ex=08000100
RECT t=44 name=YAAGL child window=388,387,482,302 client=480,300 style=50800000 ex=00000000
RECT t=44 name=YAAGL disabled window=330,300,486,332 client=480,300 style=1cca0000 ex=00000100
RECT t=44 name=YAAGL constrained window=512,328,488,334 client=480,300 style=14cf0000 ex=00000100
RECT t=45 name=YAAGL fixed window=80,80,486,332 client=480,300 style=14ca0000 ex=00000100
RECT t=45 name=YAAGL resizable window=105,102,488,334 client=480,300 style=14cf0000 ex=00000100
RECT t=45 name=YAAGL fixed-max window=130,124,486,332 client=480,300 style=14cb0000 ex=00000100
RECT t=45 name=YAAGL owned window=-278,36,486,332 client=480,300 style=14ca0000 ex=00000100
RECT t=45 name=YAAGL tool window=180,168,486,324 client=480,300 style=14ca0000 ex=00000180
RECT t=45 name=YAAGL popup window=205,190,486,332 client=480,300 style=94ca0000 ex=00000100
RECT t=45 name=YAAGL dialog window=-203,36,486,332 client=480,300 style=94c80000 ex=00000101
RECT t=45 name=YAAGL ownerless-dialog window=255,234,486,332 client=480,300 style=14ca0000 ex=00000100
RECT t=45 name=YAAGL noactivate window=280,256,486,332 client=480,300 style=14ca0000 ex=08000100
RECT t=45 name=YAAGL child window=388,387,482,302 client=480,300 style=50800000 ex=00000000
RECT t=45 name=YAAGL disabled window=330,300,486,332 client=480,300 style=1cca0000 ex=00000100
RECT t=45 name=YAAGL constrained window=512,328,488,334 client=480,300 style=14cf0000 ex=00000100
RECT t=46 name=YAAGL fixed window=80,80,486,332 client=480,300 style=14ca0000 ex=00000100
RECT t=46 name=YAAGL resizable window=105,102,488,334 client=480,300 style=14cf0000 ex=00000100
RECT t=46 name=YAAGL fixed-max window=130,124,486,332 client=480,300 style=14cb0000 ex=00000100
RECT t=46 name=YAAGL owned window=-278,36,486,332 client=480,300 style=14ca0000 ex=00000100
RECT t=46 name=YAAGL tool window=180,168,486,324 client=480,300 style=14ca0000 ex=00000180
RECT t=46 name=YAAGL popup window=205,190,486,332 client=480,300 style=94ca0000 ex=00000100
RECT t=46 name=YAAGL dialog window=-203,36,486,332 client=480,300 style=94c80000 ex=00000101
RECT t=46 name=YAAGL ownerless-dialog window=255,234,486,332 client=480,300 style=14ca0000 ex=00000100
RECT t=46 name=YAAGL noactivate window=280,256,486,332 client=480,300 style=14ca0000 ex=08000100
RECT t=46 name=YAAGL child window=388,387,482,302 client=480,300 style=50800000 ex=00000000
RECT t=46 name=YAAGL disabled window=330,300,486,332 client=480,300 style=1cca0000 ex=00000100
RECT t=46 name=YAAGL constrained window=512,328,488,334 client=480,300 style=14cf0000 ex=00000100
RECT t=47 name=YAAGL fixed window=80,80,486,332 client=480,300 style=14ca0000 ex=00000100
RECT t=47 name=YAAGL resizable window=105,102,488,334 client=480,300 style=14cf0000 ex=00000100
RECT t=47 name=YAAGL fixed-max window=130,124,486,332 client=480,300 style=14cb0000 ex=00000100
RECT t=47 name=YAAGL owned window=-278,36,486,332 client=480,300 style=14ca0000 ex=00000100
RECT t=47 name=YAAGL tool window=180,168,486,324 client=480,300 style=14ca0000 ex=00000180
RECT t=47 name=YAAGL popup window=205,190,486,332 client=480,300 style=94ca0000 ex=00000100
RECT t=47 name=YAAGL dialog window=-203,36,486,332 client=480,300 style=94c80000 ex=00000101
RECT t=47 name=YAAGL ownerless-dialog window=255,234,486,332 client=480,300 style=14ca0000 ex=00000100
RECT t=47 name=YAAGL noactivate window=280,256,486,332 client=480,300 style=14ca0000 ex=08000100
RECT t=47 name=YAAGL child window=388,387,482,302 client=480,300 style=50800000 ex=00000000
RECT t=47 name=YAAGL disabled window=330,300,486,332 client=480,300 style=1cca0000 ex=00000100
RECT t=47 name=YAAGL constrained window=355,322,488,334 client=480,300 style=14cf0000 ex=00000100
RECT t=48 name=YAAGL fixed window=80,80,486,332 client=480,300 style=14ca0000 ex=00000100
RECT t=48 name=YAAGL resizable window=105,102,488,334 client=480,300 style=14cf0000 ex=00000100
RECT t=48 name=YAAGL fixed-max window=130,124,486,332 client=480,300 style=14cb0000 ex=00000100
RECT t=48 name=YAAGL owned window=-278,36,486,332 client=480,300 style=14ca0000 ex=00000100
RECT t=48 name=YAAGL tool window=180,168,486,324 client=480,300 style=14ca0000 ex=00000180
RECT t=48 name=YAAGL popup window=205,190,486,332 client=480,300 style=94ca0000 ex=00000100
RECT t=48 name=YAAGL dialog window=-203,36,486,332 client=480,300 style=94c80000 ex=00000101
RECT t=48 name=YAAGL ownerless-dialog window=255,234,486,332 client=480,300 style=14ca0000 ex=00000100
RECT t=48 name=YAAGL noactivate window=280,256,486,332 client=480,300 style=14ca0000 ex=08000100
RECT t=48 name=YAAGL child window=388,387,482,302 client=480,300 style=50800000 ex=00000000
RECT t=48 name=YAAGL disabled window=330,300,486,332 client=480,300 style=1cca0000 ex=00000100
RECT t=48 name=YAAGL constrained window=355,322,488,334 client=480,300 style=14cf0000 ex=00000100
RECT t=49 name=YAAGL fixed window=80,80,486,332 client=480,300 style=14ca0000 ex=00000100
RECT t=49 name=YAAGL resizable window=105,102,488,334 client=480,300 style=14cf0000 ex=00000100
RECT t=49 name=YAAGL fixed-max window=130,124,486,332 client=480,300 style=14cb0000 ex=00000100
RECT t=49 name=YAAGL owned window=-278,36,486,332 client=480,300 style=14ca0000 ex=00000100
RECT t=49 name=YAAGL tool window=180,168,486,324 client=480,300 style=14ca0000 ex=00000180
RECT t=49 name=YAAGL popup window=205,190,486,332 client=480,300 style=94ca0000 ex=00000100
RECT t=49 name=YAAGL dialog window=-203,36,486,332 client=480,300 style=94c80000 ex=00000101
RECT t=49 name=YAAGL ownerless-dialog window=255,234,486,332 client=480,300 style=14ca0000 ex=00000100
RECT t=49 name=YAAGL noactivate window=280,256,486,332 client=480,300 style=14ca0000 ex=08000100
RECT t=49 name=YAAGL child window=388,387,482,302 client=480,300 style=50800000 ex=00000000
RECT t=49 name=YAAGL disabled window=330,300,486,332 client=480,300 style=1cca0000 ex=00000100
RECT t=49 name=YAAGL constrained window=355,322,488,334 client=480,300 style=14cf0000 ex=00000100
RECT t=50 name=YAAGL fixed window=80,80,486,332 client=480,300 style=14ca0000 ex=00000100
RECT t=50 name=YAAGL resizable window=105,102,488,334 client=480,300 style=14cf0000 ex=00000100
RECT t=50 name=YAAGL fixed-max window=130,124,486,332 client=480,300 style=14cb0000 ex=00000100
RECT t=50 name=YAAGL owned window=-278,36,486,332 client=480,300 style=14ca0000 ex=00000100
RECT t=50 name=YAAGL tool window=180,168,486,324 client=480,300 style=14ca0000 ex=00000180
RECT t=50 name=YAAGL popup window=205,190,486,332 client=480,300 style=94ca0000 ex=00000100
RECT t=50 name=YAAGL dialog window=-203,36,486,332 client=480,300 style=94c80000 ex=00000101
RECT t=50 name=YAAGL ownerless-dialog window=255,234,486,332 client=480,300 style=14ca0000 ex=00000100
RECT t=50 name=YAAGL noactivate window=280,256,486,332 client=480,300 style=14ca0000 ex=08000100
RECT t=50 name=YAAGL child window=388,387,482,302 client=480,300 style=50800000 ex=00000000
RECT t=50 name=YAAGL disabled window=330,300,486,332 client=480,300 style=1cca0000 ex=00000100
RECT t=50 name=YAAGL constrained window=355,322,488,334 client=480,300 style=14cf0000 ex=00000100
RECT t=51 name=YAAGL fixed window=80,80,486,332 client=480,300 style=14ca0000 ex=00000100
RECT t=51 name=YAAGL resizable window=105,102,488,334 client=480,300 style=14cf0000 ex=00000100
RECT t=51 name=YAAGL fixed-max window=130,124,486,332 client=480,300 style=14cb0000 ex=00000100
RECT t=51 name=YAAGL owned window=-278,36,486,332 client=480,300 style=14ca0000 ex=00000100
RECT t=51 name=YAAGL tool window=180,168,486,324 client=480,300 style=14ca0000 ex=00000180
RECT t=51 name=YAAGL popup window=205,190,486,332 client=480,300 style=94ca0000 ex=00000100
RECT t=51 name=YAAGL dialog window=-203,36,486,332 client=480,300 style=94c80000 ex=00000101
RECT t=51 name=YAAGL ownerless-dialog window=255,234,486,332 client=480,300 style=14ca0000 ex=00000100
RECT t=51 name=YAAGL noactivate window=280,256,486,332 client=480,300 style=14ca0000 ex=08000100
RECT t=51 name=YAAGL child window=388,387,482,302 client=480,300 style=50800000 ex=00000000
RECT t=51 name=YAAGL disabled window=330,300,486,332 client=480,300 style=1cca0000 ex=00000100
RECT t=51 name=YAAGL constrained window=355,322,488,334 client=480,300 style=14cf0000 ex=00000100
RECT t=52 name=YAAGL fixed window=80,80,486,332 client=480,300 style=14ca0000 ex=00000100
RECT t=52 name=YAAGL resizable window=105,102,488,334 client=480,300 style=14cf0000 ex=00000100
RECT t=52 name=YAAGL fixed-max window=130,124,486,332 client=480,300 style=14cb0000 ex=00000100
RECT t=52 name=YAAGL owned window=-278,36,486,332 client=480,300 style=14ca0000 ex=00000100
RECT t=52 name=YAAGL tool window=180,168,486,324 client=480,300 style=14ca0000 ex=00000180
RECT t=52 name=YAAGL popup window=205,190,486,332 client=480,300 style=94ca0000 ex=00000100
RECT t=52 name=YAAGL dialog window=-203,36,486,332 client=480,300 style=94c80000 ex=00000101
RECT t=52 name=YAAGL ownerless-dialog window=255,234,486,332 client=480,300 style=14ca0000 ex=00000100
RECT t=52 name=YAAGL noactivate window=280,256,486,332 client=480,300 style=14ca0000 ex=08000100
RECT t=52 name=YAAGL child window=388,387,482,302 client=480,300 style=50800000 ex=00000000
RECT t=52 name=YAAGL disabled window=330,300,486,332 client=480,300 style=1cca0000 ex=00000100
RECT t=52 name=YAAGL constrained window=355,322,488,334 client=480,300 style=14cf0000 ex=00000100
RECT t=53 name=YAAGL fixed window=80,80,486,332 client=480,300 style=14ca0000 ex=00000100
RECT t=53 name=YAAGL resizable window=105,102,488,334 client=480,300 style=14cf0000 ex=00000100
RECT t=53 name=YAAGL fixed-max window=130,124,486,332 client=480,300 style=14cb0000 ex=00000100
RECT t=53 name=YAAGL owned window=-278,36,486,332 client=480,300 style=14ca0000 ex=00000100
RECT t=53 name=YAAGL tool window=180,168,486,324 client=480,300 style=14ca0000 ex=00000180
RECT t=53 name=YAAGL popup window=205,190,486,332 client=480,300 style=94ca0000 ex=00000100
RECT t=53 name=YAAGL dialog window=-203,36,486,332 client=480,300 style=94c80000 ex=00000101
RECT t=53 name=YAAGL ownerless-dialog window=255,234,486,332 client=480,300 style=14ca0000 ex=00000100
RECT t=53 name=YAAGL noactivate window=280,256,486,332 client=480,300 style=14ca0000 ex=08000100
RECT t=53 name=YAAGL child window=388,387,482,302 client=480,300 style=50800000 ex=00000000
RECT t=53 name=YAAGL disabled window=330,300,486,332 client=480,300 style=1cca0000 ex=00000100
RECT t=53 name=YAAGL constrained window=355,322,488,334 client=480,300 style=14cf0000 ex=00000100
RECT t=54 name=YAAGL fixed window=80,80,486,332 client=480,300 style=14ca0000 ex=00000100
RECT t=54 name=YAAGL resizable window=105,102,488,334 client=480,300 style=14cf0000 ex=00000100
RECT t=54 name=YAAGL fixed-max window=130,124,486,332 client=480,300 style=14cb0000 ex=00000100
RECT t=54 name=YAAGL owned window=-278,36,486,332 client=480,300 style=14ca0000 ex=00000100
RECT t=54 name=YAAGL tool window=180,168,486,324 client=480,300 style=14ca0000 ex=00000180
RECT t=54 name=YAAGL popup window=205,190,486,332 client=480,300 style=94ca0000 ex=00000100
RECT t=54 name=YAAGL dialog window=-203,36,486,332 client=480,300 style=94c80000 ex=00000101
RECT t=54 name=YAAGL ownerless-dialog window=255,234,486,332 client=480,300 style=14ca0000 ex=00000100
RECT t=54 name=YAAGL noactivate window=280,256,486,332 client=480,300 style=14ca0000 ex=08000100
RECT t=54 name=YAAGL child window=388,387,482,302 client=480,300 style=50800000 ex=00000000
RECT t=54 name=YAAGL disabled window=330,300,486,332 client=480,300 style=1cca0000 ex=00000100
RECT t=54 name=YAAGL constrained window=355,322,488,334 client=480,300 style=14cf0000 ex=00000100
RECT t=55 name=YAAGL fixed window=80,80,486,332 client=480,300 style=14ca0000 ex=00000100
RECT t=55 name=YAAGL resizable window=105,102,488,334 client=480,300 style=14cf0000 ex=00000100
RECT t=55 name=YAAGL fixed-max window=130,124,486,332 client=480,300 style=14cb0000 ex=00000100
RECT t=55 name=YAAGL owned window=-278,36,486,332 client=480,300 style=14ca0000 ex=00000100
RECT t=55 name=YAAGL tool window=180,168,486,324 client=480,300 style=14ca0000 ex=00000180
RECT t=55 name=YAAGL popup window=205,190,486,332 client=480,300 style=94ca0000 ex=00000100
RECT t=55 name=YAAGL dialog window=-203,36,486,332 client=480,300 style=94c80000 ex=00000101
RECT t=55 name=YAAGL ownerless-dialog window=255,234,486,332 client=480,300 style=14ca0000 ex=00000100
RECT t=55 name=YAAGL noactivate window=280,256,486,332 client=480,300 style=14ca0000 ex=08000100
RECT t=55 name=YAAGL child window=388,387,482,302 client=480,300 style=50800000 ex=00000000
RECT t=55 name=YAAGL disabled window=330,300,486,332 client=480,300 style=1cca0000 ex=00000100
RECT t=55 name=YAAGL constrained window=355,322,488,334 client=480,300 style=14cf0000 ex=00000100
RECT t=56 name=YAAGL fixed window=80,80,486,332 client=480,300 style=14ca0000 ex=00000100
RECT t=56 name=YAAGL resizable window=105,102,488,334 client=480,300 style=14cf0000 ex=00000100
RECT t=56 name=YAAGL fixed-max window=130,124,486,332 client=480,300 style=14cb0000 ex=00000100
RECT t=56 name=YAAGL owned window=-278,36,486,332 client=480,300 style=14ca0000 ex=00000100
RECT t=56 name=YAAGL tool window=180,168,486,324 client=480,300 style=14ca0000 ex=00000180
RECT t=56 name=YAAGL popup window=205,190,486,332 client=480,300 style=94ca0000 ex=00000100
RECT t=56 name=YAAGL dialog window=-203,36,486,332 client=480,300 style=94c80000 ex=00000101
RECT t=56 name=YAAGL ownerless-dialog window=255,234,486,332 client=480,300 style=14ca0000 ex=00000100
RECT t=56 name=YAAGL noactivate window=280,256,486,332 client=480,300 style=14ca0000 ex=08000100
RECT t=56 name=YAAGL child window=388,387,482,302 client=480,300 style=50800000 ex=00000000
RECT t=56 name=YAAGL disabled window=330,300,486,332 client=480,300 style=1cca0000 ex=00000100
RECT t=56 name=YAAGL constrained window=355,322,488,334 client=480,300 style=14cf0000 ex=00000100
RECT t=57 name=YAAGL fixed window=80,80,486,332 client=480,300 style=14ca0000 ex=00000100
RECT t=57 name=YAAGL resizable window=105,102,488,334 client=480,300 style=14cf0000 ex=00000100
RECT t=57 name=YAAGL fixed-max window=130,124,486,332 client=480,300 style=14cb0000 ex=00000100
RECT t=57 name=YAAGL owned window=-278,36,486,332 client=480,300 style=14ca0000 ex=00000100
RECT t=57 name=YAAGL tool window=180,168,486,324 client=480,300 style=14ca0000 ex=00000180
RECT t=57 name=YAAGL popup window=205,190,486,332 client=480,300 style=94ca0000 ex=00000100
RECT t=57 name=YAAGL dialog window=-203,36,486,332 client=480,300 style=94c80000 ex=00000101
RECT t=57 name=YAAGL ownerless-dialog window=255,234,486,332 client=480,300 style=14ca0000 ex=00000100
RECT t=57 name=YAAGL noactivate window=280,256,486,332 client=480,300 style=14ca0000 ex=08000100
RECT t=57 name=YAAGL child window=388,387,482,302 client=480,300 style=50800000 ex=00000000
RECT t=57 name=YAAGL disabled window=330,300,486,332 client=480,300 style=1cca0000 ex=00000100
RECT t=57 name=YAAGL constrained window=355,322,488,334 client=480,300 style=14cf0000 ex=00000100
RECT t=58 name=YAAGL fixed window=80,80,486,332 client=480,300 style=14ca0000 ex=00000100
RECT t=58 name=YAAGL resizable window=105,102,488,334 client=480,300 style=14cf0000 ex=00000100
RECT t=58 name=YAAGL fixed-max window=130,124,486,332 client=480,300 style=14cb0000 ex=00000100
RECT t=58 name=YAAGL owned window=-278,36,486,332 client=480,300 style=14ca0000 ex=00000100
RECT t=58 name=YAAGL tool window=180,168,486,324 client=480,300 style=14ca0000 ex=00000180
RECT t=58 name=YAAGL popup window=205,190,486,332 client=480,300 style=94ca0000 ex=00000100
RECT t=58 name=YAAGL dialog window=-203,36,486,332 client=480,300 style=94c80000 ex=00000101
RECT t=58 name=YAAGL ownerless-dialog window=255,234,486,332 client=480,300 style=14ca0000 ex=00000100
RECT t=58 name=YAAGL noactivate window=280,256,486,332 client=480,300 style=14ca0000 ex=08000100
RECT t=58 name=YAAGL child window=388,387,482,302 client=480,300 style=50800000 ex=00000000
RECT t=58 name=YAAGL disabled window=330,300,486,332 client=480,300 style=1cca0000 ex=00000100
RECT t=58 name=YAAGL constrained window=355,322,488,334 client=480,300 style=14cf0000 ex=00000100
RECT t=59 name=YAAGL fixed window=80,80,486,332 client=480,300 style=14ca0000 ex=00000100
RECT t=59 name=YAAGL resizable window=105,102,488,334 client=480,300 style=14cf0000 ex=00000100
RECT t=59 name=YAAGL fixed-max window=130,124,486,332 client=480,300 style=14cb0000 ex=00000100
RECT t=59 name=YAAGL owned window=-278,36,486,332 client=480,300 style=14ca0000 ex=00000100
RECT t=59 name=YAAGL tool window=180,168,486,324 client=480,300 style=14ca0000 ex=00000180
RECT t=59 name=YAAGL popup window=205,190,486,332 client=480,300 style=94ca0000 ex=00000100
RECT t=59 name=YAAGL dialog window=-203,36,486,332 client=480,300 style=94c80000 ex=00000101
RECT t=59 name=YAAGL ownerless-dialog window=255,234,486,332 client=480,300 style=14ca0000 ex=00000100
RECT t=59 name=YAAGL noactivate window=280,256,486,332 client=480,300 style=14ca0000 ex=08000100
RECT t=59 name=YAAGL child window=388,387,482,302 client=480,300 style=50800000 ex=00000000
RECT t=59 name=YAAGL disabled window=330,300,486,332 client=480,300 style=1cca0000 ex=00000100
RECT t=59 name=YAAGL constrained window=355,322,488,334 client=480,300 style=14cf0000 ex=00000100
DESTROYED YAAGL owned
DESTROYED YAAGL fixed
DESTROYED YAAGL child
DESTROYED YAAGL resizable
DESTROYED YAAGL fixed-max
DESTROYED YAAGL tool
DESTROYED YAAGL popup
DESTROYED YAAGL noactivate
DESTROYED YAAGL disabled
DESTROYED YAAGL constrained
